######################################################
##
## report_io_reg (01/23/2015)
##
## Vivado v2021.1_AR76722 (64-bit)
## SW Build 3428450 on Thu Jan 13 11:43:02 MST 2022
## IP Build 3246043 on Fri Jun 11 00:30:35 MDT 2021
## Copyright 1986-2022 Xilinx, Inc. All Rights Reserved.
##
## Generated on Mon Apr 10 00:04:01 CST 2023
##
######################################################


 +--------------------------------------------------------------------------------------------------------------------------------------+
 | IO Ports Summary                                                                                                                     |
 +----------------------------+-----+---------+-------------+---------+--------------+--------+--------+--------+--------+--------------+
 | Port                       | Dir | Coord   | Package pin | IO Bank | Clock Region | IDELAY | ODELAY | ILOGIC | OLOGIC | Info         |
 +----------------------------+-----+---------+-------------+---------+--------------+--------+--------+--------+--------+--------------+
 | ADDOUTID_63_0[0]           | OUT | X1Y589  | M37         | 70      | X7Y11        | 0      | 0      | 0      | 0      | No Output FF |
 | ADDOUTID_63_0[1]           | OUT | X1Y590  | L37         | 70      | X7Y11        | 0      | 0      | 0      | 0      | No Output FF |
 | ADDOUTID_63_0[2]           | OUT | X0Y880  | C55         | 35      | X0Y16        | 0      | 0      | 0      | 0      | No Output FF |
 | ADDOUTID_63_0[3]           | OUT | X1Y641  | C31         | 71      | X7Y12        | 0      | 0      | 0      | 0      | No Output FF |
 | ADDOUTID_63_0[4]           | OUT | X1Y634  | B29         | 71      | X7Y12        | 0      | 0      | 0      | 0      | No Output FF |
 | ADDOUTID_63_0[5]           | OUT | X1Y632  | E30         | 71      | X7Y12        | 0      | 0      | 0      | 0      | No Output FF |
 | ADDOUTID_63_0[6]           | OUT | X1Y630  | A30         | 71      | X7Y12        | 0      | 0      | 0      | 0      | No Output FF |
 | ADDOUTID_63_0[7]           | OUT | X1Y628  | C30         | 71      | X7Y12        | 0      | 0      | 0      | 0      | No Output FF |
 | ADDOUTID_63_0[8]           | OUT | X1Y626  | B27         | 71      | X7Y12        | 0      | 0      | 0      | 0      | No Output FF |
 | ADDOUTID_63_0[9]           | OUT | X0Y879  | D55         | 35      | X0Y16        | 0      | 0      | 0      | 0      | No Output FF |
 | ADDOUTID_63_0[10]          | OUT | X1Y624  | D28         | 71      | X7Y12        | 0      | 0      | 0      | 0      | No Output FF |
 | ADDOUTID_63_0[11]          | OUT | X1Y642  | B31         | 71      | X7Y12        | 0      | 0      | 0      | 0      | No Output FF |
 | ADDOUTID_63_0[12]          | OUT | X1Y635  | B28         | 71      | X7Y12        | 0      | 0      | 0      | 0      | No Output FF |
 | ADDOUTID_63_0[13]          | OUT | X1Y633  | D30         | 71      | X7Y12        | 0      | 0      | 0      | 0      | No Output FF |
 | ADDOUTID_63_0[14]          | OUT | X1Y631  | A29         | 71      | X7Y12        | 0      | 0      | 0      | 0      | No Output FF |
 | ADDOUTID_63_0[15]          | OUT | X1Y629  | C29         | 71      | X7Y12        | 0      | 0      | 0      | 0      | No Output FF |
 | ADDOUTID_63_0[16]          | OUT | X1Y537  | C34         | 69      | X7Y10        | 0      | 0      | 0      | 0      | No Output FF |
 | ADDOUTID_63_0[17]          | OUT | X1Y535  | B37         | 69      | X7Y10        | 0      | 0      | 0      | 0      | No Output FF |
 | ADDOUTID_63_0[18]          | OUT | X1Y533  | A34         | 69      | X7Y10        | 0      | 0      | 0      | 0      | No Output FF |
 | ADDOUTID_63_0[19]          | OUT | X1Y538  | B34         | 69      | X7Y10        | 0      | 0      | 0      | 0      | No Output FF |
 | ADDOUTID_63_0[20]          | OUT | X1Y536  | A37         | 69      | X7Y10        | 0      | 0      | 0      | 0      | No Output FF |
 | ADDOUTID_63_0[21]          | OUT | X1Y534  | A35         | 69      | X7Y10        | 0      | 0      | 0      | 0      | No Output FF |
 | ADDOUTID_63_0[22]          | OUT | X1Y545  | D37         | 69      | X7Y10        | 0      | 0      | 0      | 0      | No Output FF |
 | ADDOUTID_63_0[23]          | OUT | X1Y558  | E37         | 69      | X7Y10        | 0      | 0      | 0      | 0      | No Output FF |
 | ADDOUTID_63_0[24]          | OUT | X0Y1039 | K44         | 38      | X0Y19        | 0      | 0      | 0      | 0      | No Output FF |
 | ADDOUTID_63_0[25]          | OUT | X0Y1036 | G42         | 38      | X0Y19        | 0      | 0      | 0      | 0      | No Output FF |
 | ADDOUTID_63_0[26]          | OUT | X0Y1035 | G41         | 38      | X0Y19        | 0      | 0      | 0      | 0      | No Output FF |
 | ADDOUTID_63_0[27]          | OUT | X0Y1038 | H45         | 38      | X0Y19        | 0      | 0      | 0      | 0      | No Output FF |
 | ADDOUTID_63_0[28]          | OUT | X0Y1037 | J45         | 38      | X0Y19        | 0      | 0      | 0      | 0      | No Output FF |
 | ADDOUTID_63_0[29]          | OUT | X0Y1032 | G44         | 38      | X0Y19        | 0      | 0      | 0      | 0      | No Output FF |
 | ADDOUTID_63_0[30]          | OUT | X0Y1031 | G43         | 38      | X0Y19        | 0      | 0      | 0      | 0      | No Output FF |
 | ADDOUTID_63_0[31]          | OUT | X0Y882  | A52         | 35      | X0Y16        | 0      | 0      | 0      | 0      | No Output FF |
 | ADDOUTID_63_0[32]          | OUT | X0Y881  | B52         | 35      | X0Y16        | 0      | 0      | 0      | 0      | No Output FF |
 | ADDOUTID_63_0[33]          | OUT | X0Y1034 | H41         | 38      | X0Y19        | 0      | 0      | 0      | 0      | No Output FF |
 | ADDOUTID_63_0[34]          | OUT | X0Y1033 | J41         | 38      | X0Y19        | 0      | 0      | 0      | 0      | No Output FF |
 | ADDOUTID_63_0[35]          | OUT | X0Y1030 | J43         | 38      | X0Y19        | 0      | 0      | 0      | 0      | No Output FF |
 | ADDOUTID_63_0[36]          | OUT | X0Y1029 | J42         | 38      | X0Y19        | 0      | 0      | 0      | 0      | No Output FF |
 | ADDOUTID_63_0[37]          | OUT | X0Y1025 | L45         | 38      | X0Y19        | 0      | 0      | 0      | 0      | No Output FF |
 | ADDOUTID_63_0[38]          | OUT | X0Y1024 | L44         | 38      | X0Y19        | 0      | 0      | 0      | 0      | No Output FF |
 | ADDOUTID_63_0[39]          | OUT | X0Y1028 | H44         | 38      | X0Y19        | 0      | 0      | 0      | 0      | No Output FF |
 | ADDOUTID_63_0[40]          | OUT | X0Y1027 | H43         | 38      | X0Y19        | 0      | 0      | 0      | 0      | No Output FF |
 | ADDOUTID_63_0[41]          | OUT | X0Y987  | B44         | 37      | X0Y18        | 0      | 0      | 0      | 0      | No Output FF |
 | ADDOUTID_63_0[42]          | OUT | X0Y984  | A45         | 37      | X0Y18        | 0      | 0      | 0      | 0      | No Output FF |
 | ADDOUTID_63_0[43]          | OUT | X0Y983  | A44         | 37      | X0Y18        | 0      | 0      | 0      | 0      | No Output FF |
 | ADDOUTID_63_0[44]          | OUT | X0Y986  | A41         | 37      | X0Y18        | 0      | 0      | 0      | 0      | No Output FF |
 | ADDOUTID_63_0[45]          | OUT | X0Y876  | C54         | 35      | X0Y16        | 0      | 0      | 0      | 0      | No Output FF |
 | ADDOUTID_63_0[46]          | OUT | X0Y846  | J57         | 35      | X0Y16        | 0      | 0      | 0      | 0      | No Output FF |
 | ADDOUTID_63_0[47]          | OUT | X0Y985  | B41         | 37      | X0Y18        | 0      | 0      | 0      | 0      | No Output FF |
 | ADDOUTID_63_0[48]          | OUT | X0Y980  | C45         | 37      | X0Y18        | 0      | 0      | 0      | 0      | No Output FF |
 | ADDOUTID_63_0[49]          | OUT | X0Y979  | C44         | 37      | X0Y18        | 0      | 0      | 0      | 0      | No Output FF |
 | ADDOUTID_63_0[50]          | OUT | X0Y982  | A42         | 37      | X0Y18        | 0      | 0      | 0      | 0      | No Output FF |
 | ADDOUTID_63_0[51]          | OUT | X0Y981  | B42         | 37      | X0Y18        | 0      | 0      | 0      | 0      | No Output FF |
 | ADDOUTID_63_0[52]          | OUT | X0Y978  | B43         | 37      | X0Y18        | 0      | 0      | 0      | 0      | No Output FF |
 | ADDOUTID_63_0[53]          | OUT | X0Y977  | C43         | 37      | X0Y18        | 0      | 0      | 0      | 0      | No Output FF |
 | ADDOUTID_63_0[54]          | OUT | X0Y973  | E43         | 37      | X0Y18        | 0      | 0      | 0      | 0      | No Output FF |
 | ADDOUTID_63_0[55]          | OUT | X0Y972  | E42         | 37      | X0Y18        | 0      | 0      | 0      | 0      | No Output FF |
 | ADDOUTID_63_0[56]          | OUT | X0Y935  | H46         | 36      | X0Y17        | 0      | 0      | 0      | 0      | No Output FF |
 | ADDOUTID_63_0[57]          | OUT | X0Y932  | J48         | 36      | X0Y17        | 0      | 0      | 0      | 0      | No Output FF |
 | ADDOUTID_63_0[58]          | OUT | X0Y931  | J47         | 36      | X0Y17        | 0      | 0      | 0      | 0      | No Output FF |
 | ADDOUTID_63_0[59]          | OUT | X0Y845  | J56         | 35      | X0Y16        | 0      | 0      | 0      | 0      | No Output FF |
 | ADDOUTID_63_0[60]          | OUT | X0Y843  | C56         | 35      | X0Y16        | 0      | 0      | 0      | 0      | No Output FF |
 | ADDOUTID_63_0[61]          | OUT | X0Y934  | G47         | 36      | X0Y17        | 0      | 0      | 0      | 0      | No Output FF |
 | ADDOUTID_63_0[62]          | OUT | X0Y933  | G46         | 36      | X0Y17        | 0      | 0      | 0      | 0      | No Output FF |
 | ADDOUTID_63_0[63]          | OUT | X0Y928  | G51         | 36      | X0Y17        | 0      | 0      | 0      | 0      | No Output FF |
 | ADDOUTID_aptn_s[0]         | OUT | X0Y64   | BK47        | 20      | X0Y1         | 0      | 0      | 0      | 0      | No Output FF |
 | ADDOUTID_aptn_s[1]         | OUT | X1Y220  | BV24        | 63      | X7Y4         | 0      | 0      | 0      | 0      | No Output FF |
 | ADDOUTID_aptn_s[2]         | OUT | X0Y105  | CC50        | 21      | X0Y2         | 0      | 0      | 0      | 0      | No Output FF |
 | ADDOUTID_aptn_s[3]         | OUT | X0Y90   | BJ42        | 20      | X0Y1         | 0      | 0      | 0      | 0      | No Output FF |
 | ADDOUTID_aptn_s[4]         | OUT | X0Y12   | BY49        | 19      | X0Y0         | 0      | 0      | 0      | 0      | No Output FF |
 | ADDOUTID_aptn_s[5]         | OUT | X1Y246  | CB31        | 63      | X7Y4         | 0      | 0      | 0      | 0      | No Output FF |
 | ADDOUTID_aptn_s[6]         | OUT | X0Y77   | BM42        | 20      | X0Y1         | 0      | 0      | 0      | 0      | No Output FF |
 | ADDOUTID_aptn_s[7]         | OUT | X1Y233  | CB28        | 63      | X7Y4         | 0      | 0      | 0      | 0      | No Output FF |
 | ADDOUTID_aptn_s[8]         | OUT | X0Y38   | BW42        | 19      | X0Y0         | 0      | 0      | 0      | 0      | No Output FF |
 | ADDOUTID_aptn_s[9]         | OUT | X0Y104  | CC49        | 21      | X0Y2         | 0      | 0      | 0      | 0      | No Output FF |
 | ADDOUTID_aptn_s[10]        | OUT | X0Y53   | BP48        | 20      | X0Y1         | 0      | 0      | 0      | 0      | No Output FF |
 | ADDOUTID_aptn_s[11]        | OUT | X0Y52   | BP47        | 20      | X0Y1         | 0      | 0      | 0      | 0      | No Output FF |
 | ADDOUTID_aptn_s[12]        | OUT | X0Y25   | CC48        | 19      | X0Y0         | 0      | 0      | 0      | 0      | No Output FF |
 | ADDOUTID_aptn_s[13]        | OUT | X0Y1    | BT49        | 19      | X0Y0         | 0      | 0      | 0      | 0      | No Output FF |
 | ADDOUTID_aptn_s[14]        | OUT | X0Y0    | BR49        | 19      | X0Y0         | 0      | 0      | 0      | 0      | No Output FF |
 | ADDOUTID_aptn_s[15]        | OUT | X1Y209  | BU28        | 63      | X7Y4         | 0      | 0      | 0      | 0      | No Output FF |
 | ADDOUTID_aptn_s[16]        | OUT | X0Y55   | BN49        | 20      | X0Y1         | 0      | 0      | 0      | 0      | No Output FF |
 | ADDOUTID_aptn_s[17]        | OUT | X0Y107  | CB51        | 21      | X0Y2         | 0      | 0      | 0      | 0      | No Output FF |
 | ADDOUTID_aptn_s[18]        | OUT | X1Y208  | BU29        | 63      | X7Y4         | 0      | 0      | 0      | 0      | No Output FF |
 | ADDOUTID_aptn_s[19]        | OUT | X0Y3    | BW48        | 19      | X0Y0         | 0      | 0      | 0      | 0      | No Output FF |
 | ADDOUTID_aptn_s[20]        | OUT | X1Y211  | BW27        | 63      | X7Y4         | 0      | 0      | 0      | 0      | No Output FF |
 | ADDOUTID_aptn_s[21]        | OUT | X0Y2    | BW47        | 19      | X0Y0         | 0      | 0      | 0      | 0      | No Output FF |
 | ADDOUTID_aptn_s[22]        | OUT | X0Y106  | CA51        | 21      | X0Y2         | 0      | 0      | 0      | 0      | No Output FF |
 | ADDOUTID_aptn_s[23]        | OUT | X1Y210  | BW28        | 63      | X7Y4         | 0      | 0      | 0      | 0      | No Output FF |
 | ADDOUTID_aptn_s[24]        | OUT | X1Y213  | BV28        | 63      | X7Y4         | 0      | 0      | 0      | 0      | No Output FF |
 | ADDOUTID_aptn_s[25]        | OUT | X1Y212  | BV29        | 63      | X7Y4         | 0      | 0      | 0      | 0      | No Output FF |
 | ADDOUTID_aptn_s[26]        | OUT | X0Y54   | BM49        | 20      | X0Y1         | 0      | 0      | 0      | 0      | No Output FF |
 | ADDOUTID_aptn_s[27]        | OUT | X0Y109  | CB49        | 21      | X0Y2         | 0      | 0      | 0      | 0      | No Output FF |
 | ADDOUTID_aptn_s[28]        | OUT | X1Y215  | BW25        | 63      | X7Y4         | 0      | 0      | 0      | 0      | No Output FF |
 | ADDOUTID_aptn_s[29]        | OUT | X0Y108  | CA49        | 21      | X0Y2         | 0      | 0      | 0      | 0      | No Output FF |
 | ADDOUTID_aptn_s[30]        | OUT | X0Y5    | BR48        | 19      | X0Y0         | 0      | 0      | 0      | 0      | No Output FF |
 | ADDOUTID_aptn_s[31]        | OUT | X1Y214  | BW26        | 63      | X7Y4         | 0      | 0      | 0      | 0      | No Output FF |
 | ADDOUTID_aptn_s[32]        | OUT | X0Y4    | BR47        | 19      | X0Y0         | 0      | 0      | 0      | 0      | No Output FF |
 | ADDOUTID_aptn_s[33]        | OUT | X1Y217  | BV25        | 63      | X7Y4         | 0      | 0      | 0      | 0      | No Output FF |
 | ADDOUTID_aptn_s[34]        | OUT | X1Y216  | BV26        | 63      | X7Y4         | 0      | 0      | 0      | 0      | No Output FF |
 | ADDOUTID_aptn_s[35]        | OUT | X0Y111  | CA52        | 21      | X0Y2         | 0      | 0      | 0      | 0      | No Output FF |
 | ADDOUTID_aptn_s[36]        | OUT | X0Y110  | BY52        | 21      | X0Y2         | 0      | 0      | 0      | 0      | No Output FF |
 | ADDOUTID_aptn_s[37]        | OUT | X0Y113  | CA50        | 21      | X0Y2         | 0      | 0      | 0      | 0      | No Output FF |
 | ADDOUTID_aptn_s[38]        | OUT | X0Y7    | BV48        | 19      | X0Y0         | 0      | 0      | 0      | 0      | No Output FF |
 | ADDOUTID_aptn_s[39]        | OUT | X0Y6    | BU48        | 19      | X0Y0         | 0      | 0      | 0      | 0      | No Output FF |
 | ADDOUTID_aptn_s[40]        | OUT | X0Y57   | BN48        | 20      | X0Y1         | 0      | 0      | 0      | 0      | No Output FF |
 | ADDOUTID_aptn_s[41]        | OUT | X0Y112  | BY50        | 21      | X0Y2         | 0      | 0      | 0      | 0      | No Output FF |
 | ADDOUTID_aptn_s[42]        | OUT | X0Y56   | BM48        | 20      | X0Y1         | 0      | 0      | 0      | 0      | No Output FF |
 | ADDOUTID_aptn_s[43]        | OUT | X0Y59   | BL49        | 20      | X0Y1         | 0      | 0      | 0      | 0      | No Output FF |
 | ADDOUTID_aptn_s[44]        | OUT | X0Y58   | BK49        | 20      | X0Y1         | 0      | 0      | 0      | 0      | No Output FF |
 | ADDOUTID_aptn_s[45]        | OUT | X0Y9    | BV49        | 19      | X0Y0         | 0      | 0      | 0      | 0      | No Output FF |
 | ADDOUTID_aptn_s[46]        | OUT | X0Y61   | BM47        | 20      | X0Y1         | 0      | 0      | 0      | 0      | No Output FF |
 | ADDOUTID_aptn_s[47]        | OUT | X0Y126  | CA55        | 21      | X0Y2         | 0      | 0      | 0      | 0      | No Output FF |
 | ADDOUTID_aptn_s[48]        | OUT | X0Y8    | BU49        | 19      | X0Y0         | 0      | 0      | 0      | 0      | No Output FF |
 | ADDOUTID_aptn_s[49]        | OUT | X0Y22   | CA45        | 19      | X0Y0         | 0      | 0      | 0      | 0      | No Output FF |
 | ADDOUTID_aptn_s[50]        | OUT | X1Y230  | CA26        | 63      | X7Y4         | 0      | 0      | 0      | 0      | No Output FF |
 | ADDOUTID_aptn_s[51]        | OUT | X1Y229  | CA27        | 63      | X7Y4         | 0      | 0      | 0      | 0      | No Output FF |
 | ADDOUTID_aptn_s[52]        | OUT | X0Y21   | BY45        | 19      | X0Y0         | 0      | 0      | 0      | 0      | No Output FF |
 | ADDOUTID_aptn_s[53]        | OUT | X0Y125  | CA54        | 21      | X0Y2         | 0      | 0      | 0      | 0      | No Output FF |
 | ADDOUTID_aptn_s[54]        | OUT | X0Y11   | BU47        | 19      | X0Y0         | 0      | 0      | 0      | 0      | No Output FF |
 | ADDOUTID_aptn_s[55]        | OUT | X1Y219  | BY27        | 63      | X7Y4         | 0      | 0      | 0      | 0      | No Output FF |
 | ADDOUTID_aptn_s[56]        | OUT | X0Y115  | CC53        | 21      | X0Y2         | 0      | 0      | 0      | 0      | No Output FF |
 | ADDOUTID_aptn_s[57]        | OUT | X0Y10   | BT47        | 19      | X0Y0         | 0      | 0      | 0      | 0      | No Output FF |
 | ADDOUTID_aptn_s[58]        | OUT | X0Y60   | BL47        | 20      | X0Y1         | 0      | 0      | 0      | 0      | No Output FF |
 | ADDOUTID_aptn_s[59]        | OUT | X1Y218  | BY28        | 63      | X7Y4         | 0      | 0      | 0      | 0      | No Output FF |
 | ADDOUTID_aptn_s[60]        | OUT | X1Y222  | BY24        | 63      | X7Y4         | 0      | 0      | 0      | 0      | No Output FF |
 | ADDOUTID_aptn_s[61]        | OUT | X0Y114  | CB52        | 21      | X0Y2         | 0      | 0      | 0      | 0      | No Output FF |
 | ADDOUTID_aptn_s[62]        | OUT | X0Y118  | CC55        | 21      | X0Y2         | 0      | 0      | 0      | 0      | No Output FF |
 | ADDOUTID_aptn_s[63]        | OUT | X0Y74   | BN44        | 20      | X0Y1         | 0      | 0      | 0      | 0      | No Output FF |
 | AFPGA_GLNK_OUT             | OUT | X1Y337  | BY35        | 65      | X7Y6         | 0      | 0      | 0      | 1      |              |
 | AFPGA_LOCK_CDi_O           | OUT | X1Y359  | BR39        | 65      | X7Y6         | 0      | 0      | 0      | 0      | No Output FF |
 | AFPGA_LOCK_CDO_GLNK_I[0]   | IN  | X1Y363  | BW38        | 65      | X7Y6         | 0      | 0      | 1      | 0      |              |
 | AFPGA_LOCK_CE_I            | IN  | X1Y361  | BV41        | 65      | X7Y6         | 0      | 0      | 0      | 0      | No Input FF  |
 | AFPGA_LOCK_CLK_I           | IN  | X1Y360  | BR40        | 65      | X7Y6         | 0      | 0      | 0      | 0      | No Input FF  |
 | ALUOUTMEM[0]               | IN  | X1Y627  | A27         | 71      | X7Y12        | 0      | 0      | 0      | 0      | No Input FF  |
 | ALUOUTMEM[1]               | IN  | X1Y625  | D27         | 71      | X7Y12        | 0      | 0      | 0      | 0      | No Input FF  |
 | ALUOUTMEM[2]               | IN  | X1Y649  | E33         | 71      | X7Y12        | 0      | 0      | 0      | 0      | No Input FF  |
 | ALUOUTMEM[3]               | IN  | X1Y662  | K29         | 71      | X7Y12        | 0      | 0      | 0      | 0      | No Input FF  |
 | ALUOUTMEM[4]               | IN  | X1Y675  | K28         | 71      | X7Y12        | 0      | 0      | 0      | 0      | No Input FF  |
 | ALUOUTMEM[5]               | IN  | X1Y654  | J31         | 71      | X7Y12        | 0      | 0      | 0      | 0      | No Input FF  |
 | ALUOUTMEM[6]               | IN  | X1Y656  | J30         | 71      | X7Y12        | 0      | 0      | 0      | 0      | No Input FF  |
 | ALUOUTMEM[7]               | IN  | X1Y658  | J33         | 71      | X7Y12        | 0      | 0      | 0      | 0      | No Input FF  |
 | ALUOUTMEM[8]               | IN  | X1Y660  | H33         | 71      | X7Y12        | 0      | 0      | 0      | 0      | No Input FF  |
 | ALUOUTMEM[9]               | IN  | X1Y663  | G29         | 71      | X7Y12        | 0      | 0      | 0      | 0      | No Input FF  |
 | ALUOUTMEM[10]              | IN  | X1Y665  | G27         | 71      | X7Y12        | 0      | 0      | 0      | 0      | No Input FF  |
 | ALUOUTMEM[11]              | IN  | X1Y77   | BR18        | 60      | X7Y1         | 0      | 0      | 0      | 0      | No Input FF  |
 | ALUOUTMEM[12]              | IN  | X1Y103  | BK18        | 60      | X7Y1         | 0      | 0      | 0      | 0      | No Input FF  |
 | ALUOUTMEM[13]              | IN  | X2Y469  | BC13        | 88      | X8Y9         | 0      | 0      | 0      | 0      | No Input FF  |
 | ALUOUTMEM[14]              | IN  | X2Y468  | BB13        | 88      | X8Y9         | 0      | 0      | 0      | 0      | No Input FF  |
 | ALUOUTMEM[15]              | IN  | X2Y471  | BC14        | 88      | X8Y9         | 0      | 0      | 0      | 0      | No Input FF  |
 | ALUOUTMEM[16]              | IN  | X2Y470  | BC15        | 88      | X8Y9         | 0      | 0      | 0      | 0      | No Input FF  |
 | ALUOUTMEM[17]              | IN  | X2Y473  | BB14        | 88      | X8Y9         | 0      | 0      | 0      | 0      | No Input FF  |
 | ALUOUTMEM[18]              | IN  | X2Y472  | BA14        | 88      | X8Y9         | 0      | 0      | 0      | 0      | No Input FF  |
 | ALUOUTMEM[19]              | IN  | X2Y475  | BB16        | 88      | X8Y9         | 0      | 0      | 0      | 0      | No Input FF  |
 | ALUOUTMEM[20]              | IN  | X2Y474  | BB17        | 88      | X8Y9         | 0      | 0      | 0      | 0      | No Input FF  |
 | ALUOUTMEM[21]              | IN  | X2Y477  | BA15        | 88      | X8Y9         | 0      | 0      | 0      | 0      | No Input FF  |
 | ALUOUTMEM[22]              | IN  | X2Y476  | AY15        | 88      | X8Y9         | 0      | 0      | 0      | 0      | No Input FF  |
 | ALUOUTMEM[23]              | IN  | X2Y479  | BA16        | 88      | X8Y9         | 0      | 0      | 0      | 0      | No Input FF  |
 | ALUOUTMEM[24]              | IN  | X2Y478  | BA17        | 88      | X8Y9         | 0      | 0      | 0      | 0      | No Input FF  |
 | ALUOUTMEM[25]              | IN  | X2Y497  | AW15        | 88      | X8Y9         | 0      | 0      | 0      | 0      | No Input FF  |
 | ALUOUTMEM[26]              | IN  | X2Y496  | AW16        | 88      | X8Y9         | 0      | 0      | 0      | 0      | No Input FF  |
 | ALUOUTMEM[27]              | IN  | X2Y499  | AY13        | 88      | X8Y9         | 0      | 0      | 0      | 0      | No Input FF  |
 | ALUOUTMEM[28]              | IN  | X2Y498  | AY14        | 88      | X8Y9         | 0      | 0      | 0      | 0      | No Input FF  |
 | ALUOUTMEM[29]              | IN  | X2Y501  | AV15        | 88      | X8Y9         | 0      | 0      | 0      | 0      | No Input FF  |
 | ALUOUTMEM[30]              | IN  | X2Y500  | AV16        | 88      | X8Y9         | 0      | 0      | 0      | 0      | No Input FF  |
 | ALUOUTMEM[31]              | IN  | X2Y503  | AU16        | 88      | X8Y9         | 0      | 0      | 0      | 0      | No Input FF  |
 | ALUOUTMEM[32]              | IN  | X2Y502  | AU17        | 88      | X8Y9         | 0      | 0      | 0      | 0      | No Input FF  |
 | ALUOUTMEM[33]              | IN  | X2Y505  | AT15        | 88      | X8Y9         | 0      | 0      | 0      | 0      | No Input FF  |
 | ALUOUTMEM[34]              | IN  | X2Y504  | AT16        | 88      | X8Y9         | 0      | 0      | 0      | 0      | No Input FF  |
 | ALUOUTMEM[35]              | IN  | X2Y495  | AY17        | 88      | X8Y9         | 0      | 0      | 0      | 0      | No Input FF  |
 | ALUOUTMEM[36]              | IN  | X2Y494  | AW17        | 88      | X8Y9         | 0      | 0      | 0      | 0      | No Input FF  |
 | ALUOUTMEM[37]              | IN  | X2Y217  | BE17        | 83      | X8Y4         | 0      | 0      | 0      | 0      | No Input FF  |
 | ALUOUTMEM[38]              | IN  | X2Y216  | BD17        | 83      | X8Y4         | 0      | 0      | 0      | 0      | No Input FF  |
 | ALUOUTMEM[39]              | IN  | X2Y215  | BE18        | 83      | X8Y4         | 0      | 0      | 0      | 0      | No Input FF  |
 | ALUOUTMEM[40]              | IN  | X2Y214  | BE19        | 83      | X8Y4         | 0      | 0      | 0      | 0      | No Input FF  |
 | ALUOUTMEM[41]              | IN  | X2Y213  | BG19        | 83      | X8Y4         | 0      | 0      | 0      | 0      | No Input FF  |
 | ALUOUTMEM[42]              | IN  | X2Y212  | BF19        | 83      | X8Y4         | 0      | 0      | 0      | 0      | No Input FF  |
 | ALUOUTMEM[43]              | IN  | X2Y211  | BG16        | 83      | X8Y4         | 0      | 0      | 0      | 0      | No Input FF  |
 | ALUOUTMEM[44]              | IN  | X2Y210  | BF17        | 83      | X8Y4         | 0      | 0      | 0      | 0      | No Input FF  |
 | ALUOUTMEM[45]              | IN  | X2Y209  | BG17        | 83      | X8Y4         | 0      | 0      | 0      | 0      | No Input FF  |
 | ALUOUTMEM[46]              | IN  | X2Y208  | BG18        | 83      | X8Y4         | 0      | 0      | 0      | 0      | No Input FF  |
 | ALUOUTMEM[47]              | IN  | X2Y219  | BD16        | 83      | X8Y4         | 0      | 0      | 0      | 0      | No Input FF  |
 | ALUOUTMEM[48]              | IN  | X2Y218  | BC16        | 83      | X8Y4         | 0      | 0      | 0      | 0      | No Input FF  |
 | ALUOUTMEM[49]              | IN  | X2Y245  | BE13        | 83      | X8Y4         | 0      | 0      | 0      | 0      | No Input FF  |
 | ALUOUTMEM[50]              | IN  | X2Y244  | BD13        | 83      | X8Y4         | 0      | 0      | 0      | 0      | No Input FF  |
 | ALUOUTMEM[51]              | IN  | X2Y243  | BH13        | 83      | X8Y4         | 0      | 0      | 0      | 0      | No Input FF  |
 | ALUOUTMEM[52]              | IN  | X2Y242  | BG13        | 83      | X8Y4         | 0      | 0      | 0      | 0      | No Input FF  |
 | ALUOUTMEM[53]              | IN  | X2Y241  | BF14        | 83      | X8Y4         | 0      | 0      | 0      | 0      | No Input FF  |
 | ALUOUTMEM[54]              | IN  | X2Y240  | BE14        | 83      | X8Y4         | 0      | 0      | 0      | 0      | No Input FF  |
 | ALUOUTMEM[55]              | IN  | X2Y239  | BH14        | 83      | X8Y4         | 0      | 0      | 0      | 0      | No Input FF  |
 | ALUOUTMEM[56]              | IN  | X2Y238  | BG14        | 83      | X8Y4         | 0      | 0      | 0      | 0      | No Input FF  |
 | ALUOUTMEM[57]              | IN  | X2Y237  | BE15        | 83      | X8Y4         | 0      | 0      | 0      | 0      | No Input FF  |
 | ALUOUTMEM[58]              | IN  | X2Y236  | BD15        | 83      | X8Y4         | 0      | 0      | 0      | 0      | No Input FF  |
 | ALUOUTMEM[59]              | IN  | X2Y235  | BF15        | 83      | X8Y4         | 0      | 0      | 0      | 0      | No Input FF  |
 | clk                        | IN  | X1Y548  | F35         | 69      | X7Y10        | 0      | 0      | 0      | 0      | No Input FF  |
 | clk_0                      | IN  | X1Y549  | E35         | 69      | X7Y10        | 0      | 0      | 0      | 0      | No Input FF  |
 | cpm_r_HSTDM_4_FB1_A2_C_0   | IN  | X0Y914  | K49         | 36      | X0Y17        | 1      | 0      | 0      | 0      | No Input FF  |
 | cpm_r_HSTDM_4_FB1_A2_C_1   | IN  | X0Y915  | K50         | 36      | X0Y17        | 1      | 0      | 0      | 0      | No Input FF  |
 | cpm_r_HSTDM_4_FB1_A2_D_2   | IN  | X0Y912  | L49         | 36      | X0Y17        | 1      | 0      | 0      | 0      | No Input FF  |
 | cpm_r_HSTDM_4_FB1_A2_D_3   | IN  | X0Y913  | L50         | 36      | X0Y17        | 1      | 0      | 0      | 0      | No Input FF  |
 | cpm_r_HSTDM_4_FB1_A3_C_0   | IN  | X0Y966  | D41         | 37      | X0Y18        | 1      | 0      | 0      | 0      | No Input FF  |
 | cpm_r_HSTDM_4_FB1_A3_C_1   | IN  | X0Y967  | C41         | 37      | X0Y18        | 1      | 0      | 0      | 0      | No Input FF  |
 | cpm_r_HSTDM_4_FB1_A3_D_2   | IN  | X0Y964  | E44         | 37      | X0Y18        | 1      | 0      | 0      | 0      | No Input FF  |
 | cpm_r_HSTDM_4_FB1_A3_D_3   | IN  | X0Y965  | E45         | 37      | X0Y18        | 1      | 0      | 0      | 0      | No Input FF  |
 | cpm_r_HSTDM_4_FB1_A4_C_0   | IN  | X0Y1018 | L41         | 38      | X0Y19        | 1      | 0      | 0      | 0      | No Input FF  |
 | cpm_r_HSTDM_4_FB1_A4_C_1   | IN  | X0Y1019 | L42         | 38      | X0Y19        | 1      | 0      | 0      | 0      | No Input FF  |
 | cpm_r_HSTDM_4_FB1_A4_D_2   | IN  | X0Y1016 | N43         | 38      | X0Y19        | 1      | 0      | 0      | 0      | No Input FF  |
 | cpm_r_HSTDM_4_FB1_A4_D_3   | IN  | X0Y1017 | M43         | 38      | X0Y19        | 1      | 0      | 0      | 0      | No Input FF  |
 | cpm_r_HSTDM_4_FB1_AI1_N_18 | IN  | X1Y555  | J36         | 69      | X7Y10        | 1      | 0      | 0      | 0      | No Input FF  |
 | cpm_r_HSTDM_4_FB1_AI1_P_18 | IN  | X1Y554  | J35         | 69      | X7Y10        | 1      | 0      | 0      | 0      | No Input FF  |
 | cpm_r_HSTDM_4_FB1_B2_A_0   | IN  | X1Y80   | BL16        | 60      | X7Y1         | 1      | 0      | 0      | 0      | No Input FF  |
 | cpm_r_HSTDM_4_FB1_B2_A_1   | IN  | X1Y81   | BM16        | 60      | X7Y1         | 1      | 0      | 0      | 0      | No Input FF  |
 | cpm_r_HSTDM_4_FB1_BI3_N_7  | IN  | X1Y638  | A31         | 71      | X7Y12        | 1      | 0      | 0      | 0      | No Input FF  |
 | cpm_r_HSTDM_4_FB1_BI3_N_8  | IN  | X1Y640  | C33         | 71      | X7Y12        | 1      | 0      | 0      | 0      | No Input FF  |
 | cpm_r_HSTDM_4_FB1_BI3_P_7  | IN  | X1Y637  | A32         | 71      | X7Y12        | 1      | 0      | 0      | 0      | No Input FF  |
 | cpm_r_HSTDM_4_FB1_BI3_P_8  | IN  | X1Y639  | D33         | 71      | X7Y12        | 1      | 0      | 0      | 0      | No Input FF  |
 | cpm_s_HSTDM_4_FB1_B2_A_2   | OUT | X1Y93   | BH18        | 60      | X7Y1         | 1      | 1      | 0      | 0      | No Output FF |
 | cpm_s_HSTDM_4_FB1_B2_A_3   | OUT | X1Y94   | BJ18        | 60      | X7Y1         | 1      | 1      | 0      | 0      | No Output FF |
 | cpm_s_HSTDM_4_FB1_B2_A_4   | OUT | X1Y95   | BH16        | 60      | X7Y1         | 1      | 1      | 0      | 0      | No Output FF |
 | cpm_s_HSTDM_4_FB1_B2_A_5   | OUT | X1Y96   | BJ16        | 60      | X7Y1         | 1      | 1      | 0      | 0      | No Output FF |
 | cpm_s_HSTDM_4_FB1_B2_A_6   | OUT | X1Y97   | BH15        | 60      | X7Y1         | 1      | 1      | 0      | 0      | No Output FF |
 | cpm_s_HSTDM_4_FB1_B2_A_7   | OUT | X1Y98   | BJ15        | 60      | X7Y1         | 1      | 1      | 0      | 0      | No Output FF |
 | cpm_s_HSTDM_4_FB1_B2_A_8   | OUT | X1Y99   | BK15        | 60      | X7Y1         | 1      | 1      | 0      | 0      | No Output FF |
 | cpm_s_HSTDM_4_FB1_B2_A_9   | OUT | X1Y100  | BK14        | 60      | X7Y1         | 1      | 1      | 0      | 0      | No Output FF |
 | cpm_s_HSTDM_4_FB1_B2_A_10  | OUT | X1Y101  | BJ13        | 60      | X7Y1         | 1      | 1      | 0      | 0      | No Output FF |
 | cpm_s_HSTDM_4_FB1_B2_A_11  | OUT | X1Y102  | BK13        | 60      | X7Y1         | 1      | 1      | 0      | 0      | No Output FF |
 | cpm_s_HSTDM_4_FB1_B2_B_2   | OUT | X1Y82   | BL15        | 60      | X7Y1         | 1      | 1      | 0      | 0      | No Output FF |
 | cpm_s_HSTDM_4_FB1_B2_B_3   | OUT | X1Y83   | BL14        | 60      | X7Y1         | 1      | 1      | 0      | 0      | No Output FF |
 | cpm_s_HSTDM_4_FB1_B2_B_4   | OUT | X1Y84   | BN14        | 60      | X7Y1         | 1      | 1      | 0      | 0      | No Output FF |
 | cpm_s_HSTDM_4_FB1_B2_B_5   | OUT | X1Y85   | BN13        | 60      | X7Y1         | 1      | 1      | 0      | 0      | No Output FF |
 | cpm_s_HSTDM_4_FB1_B2_B_6   | OUT | X1Y86   | BL17        | 60      | X7Y1         | 1      | 1      | 0      | 0      | No Output FF |
 | cpm_s_HSTDM_4_FB1_B2_B_7   | OUT | X1Y87   | BM17        | 60      | X7Y1         | 1      | 1      | 0      | 0      | No Output FF |
 | cpm_s_HSTDM_4_FB1_B2_B_8   | OUT | X1Y88   | BM14        | 60      | X7Y1         | 1      | 1      | 0      | 0      | No Output FF |
 | cpm_s_HSTDM_4_FB1_B2_B_9   | OUT | X1Y89   | BM13        | 60      | X7Y1         | 1      | 1      | 0      | 0      | No Output FF |
 | cpm_s_HSTDM_4_FB1_B2_B_10  | OUT | X1Y91   | BJ17        | 60      | X7Y1         | 1      | 1      | 0      | 0      | No Output FF |
 | cpm_s_HSTDM_4_FB1_B2_B_11  | OUT | X1Y92   | BK17        | 60      | X7Y1         | 1      | 1      | 0      | 0      | No Output FF |
 | cpm_s_HSTDM_4_FB1_B2_C_0   | OUT | X1Y75   | BP16        | 60      | X7Y1         | 1      | 1      | 0      | 0      | No Output FF |
 | cpm_s_HSTDM_4_FB1_B2_C_1   | OUT | X1Y76   | BP15        | 60      | X7Y1         | 1      | 1      | 0      | 0      | No Output FF |
 | cpm_s_HSTDM_4_FB1_B2_C_4   | OUT | X1Y69   | BT15        | 60      | X7Y1         | 1      | 1      | 0      | 0      | No Output FF |
 | cpm_s_HSTDM_4_FB1_B2_C_5   | OUT | X1Y70   | BT14        | 60      | X7Y1         | 1      | 1      | 0      | 0      | No Output FF |
 | cpm_s_HSTDM_4_FB1_B2_C_6   | OUT | X1Y67   | BN18        | 60      | X7Y1         | 1      | 1      | 0      | 0      | No Output FF |
 | cpm_s_HSTDM_4_FB1_B2_C_7   | OUT | X1Y68   | BP18        | 60      | X7Y1         | 1      | 1      | 0      | 0      | No Output FF |
 | cpm_s_HSTDM_4_FB1_B2_C_8   | OUT | X1Y65   | BP17        | 60      | X7Y1         | 1      | 1      | 0      | 0      | No Output FF |
 | cpm_s_HSTDM_4_FB1_B2_C_9   | OUT | X1Y66   | BR17        | 60      | X7Y1         | 1      | 1      | 0      | 0      | No Output FF |
 | cpm_s_HSTDM_4_FB1_B2_C_10  | OUT | X1Y62   | BT16        | 60      | X7Y1         | 1      | 1      | 0      | 0      | No Output FF |
 | cpm_s_HSTDM_4_FB1_B2_C_11  | OUT | X1Y63   | BU16        | 60      | X7Y1         | 1      | 1      | 0      | 0      | No Output FF |
 | cpm_s_HSTDM_4_FB1_B2_D_0   | OUT | X1Y73   | BR15        | 60      | X7Y1         | 1      | 1      | 0      | 0      | No Output FF |
 | cpm_s_HSTDM_4_FB1_B2_D_1   | OUT | X1Y74   | BR14        | 60      | X7Y1         | 1      | 1      | 0      | 0      | No Output FF |
 | cpm_s_HSTDM_4_FB1_B2_D_2   | OUT | X1Y60   | BU14        | 60      | X7Y1         | 1      | 1      | 0      | 0      | No Output FF |
 | cpm_s_HSTDM_4_FB1_B2_D_3   | OUT | X1Y61   | BU13        | 60      | X7Y1         | 1      | 1      | 0      | 0      | No Output FF |
 | cpm_s_HSTDM_4_FB1_B2_D_4   | OUT | X1Y58   | BT17        | 60      | X7Y1         | 1      | 1      | 0      | 0      | No Output FF |
 | cpm_s_HSTDM_4_FB1_B2_D_5   | OUT | X1Y59   | BU17        | 60      | X7Y1         | 1      | 1      | 0      | 0      | No Output FF |
 | cpm_s_HSTDM_4_FB1_B2_D_6   | OUT | X1Y56   | BV14        | 60      | X7Y1         | 1      | 1      | 0      | 0      | No Output FF |
 | cpm_s_HSTDM_4_FB1_B2_D_7   | OUT | X1Y57   | BV13        | 60      | X7Y1         | 1      | 1      | 0      | 0      | No Output FF |
 | cpm_s_HSTDM_4_FB1_B2_D_8   | OUT | X1Y54   | BU18        | 60      | X7Y1         | 1      | 1      | 0      | 0      | No Output FF |
 | cpm_s_HSTDM_4_FB1_B2_D_9   | OUT | X1Y55   | BV18        | 60      | X7Y1         | 1      | 1      | 0      | 0      | No Output FF |
 | cpm_s_HSTDM_4_FB1_B2_D_10  | OUT | X1Y52   | BV16        | 60      | X7Y1         | 1      | 1      | 0      | 0      | No Output FF |
 | cpm_s_HSTDM_4_FB1_B2_D_11  | OUT | X1Y53   | BV15        | 60      | X7Y1         | 1      | 1      | 0      | 0      | No Output FF |
 | DBG_DOUT_0                 | OUT | X1Y326  | CA35        | 65      | X7Y6         | 0      | 0      | 0      | 0      | No Output FF |
 | DBG_DOUT_1                 | OUT | X1Y325  | CA34        | 65      | X7Y6         | 0      | 0      | 0      | 0      | No Output FF |
 | DBG_DOUT_2                 | OUT | X1Y323  | BR38        | 65      | X7Y6         | 0      | 0      | 0      | 0      | No Output FF |
 | DBG_DOUT_3                 | OUT | X1Y322  | BR37        | 65      | X7Y6         | 0      | 0      | 0      | 0      | No Output FF |
 | DBG_DOUT_4                 | OUT | X1Y321  | BV36        | 65      | X7Y6         | 0      | 0      | 0      | 0      | No Output FF |
 | DBG_DOUT_5                 | OUT | X1Y320  | BU36        | 65      | X7Y6         | 0      | 0      | 0      | 0      | No Output FF |
 | DBG_DOUT_6                 | OUT | X1Y319  | BV38        | 65      | X7Y6         | 0      | 0      | 0      | 0      | No Output FF |
 | DBG_DOUT_7                 | OUT | X1Y318  | BU38        | 65      | X7Y6         | 0      | 0      | 0      | 0      | No Output FF |
 | DBG_REFCLKN_0[0]           | IN  | X0Y6    | BJ10        | 225     |              |        |        |        |        | Unconnected  |
 | DBG_REFCLKN_0[1]           | IN  | X0Y1    | CB8         | 220     |              |        |        |        |        | Unconnected  |
 | DBG_REFCLKN_0[2]           | IN  | X0Y16   | AJ10        | 235     |              |        |        |        |        | Unconnected  |
 | DBG_REFCLKN_0[3]           | IN  | X0Y11   | AU10        | 230     |              |        |        |        |        | Unconnected  |
 | DBG_REFCLKP_0[0]           | IN  | X0Y6    | BJ11        | 225     |              |        |        |        |        | Unconnected  |
 | DBG_REFCLKP_0[1]           | IN  | X0Y1    | CB9         | 220     |              |        |        |        |        | Unconnected  |
 | DBG_REFCLKP_0[2]           | IN  | X0Y16   | AJ11        | 235     |              |        |        |        |        | Unconnected  |
 | DBG_REFCLKP_0[3]           | IN  | X0Y11   | AU11        | 230     |              |        |        |        |        | Unconnected  |
 | DBG_RXN[0]                 | IN  | X0Y24   | BH3         | 225     |              |        |        |        |        | Unconnected  |
 | DBG_RXN[1]                 | IN  | X0Y25   | BG1         | 225     |              |        |        |        |        | Unconnected  |
 | DBG_RXN[2]                 | IN  | X0Y4    | BY3         | 220     |              |        |        |        |        | Unconnected  |
 | DBG_RXN[3]                 | IN  | X0Y5    | BW1         | 220     |              |        |        |        |        | Unconnected  |
 | DBG_RXN[4]                 | IN  | X0Y64   | AD3         | 235     |              |        |        |        |        | Unconnected  |
 | DBG_RXN[5]                 | IN  | X0Y65   | AC1         | 235     |              |        |        |        |        | Unconnected  |
 | DBG_RXN[6]                 | IN  | X0Y44   | AT3         | 230     |              |        |        |        |        | Unconnected  |
 | DBG_RXN[7]                 | IN  | X0Y45   | AR1         | 230     |              |        |        |        |        | Unconnected  |
 | DBG_RXP[0]                 | IN  | X0Y24   | BH4         | 225     |              |        |        |        |        | Unconnected  |
 | DBG_RXP[1]                 | IN  | X0Y25   | BG2         | 225     |              |        |        |        |        | Unconnected  |
 | DBG_RXP[2]                 | IN  | X0Y4    | BY4         | 220     |              |        |        |        |        | Unconnected  |
 | DBG_RXP[3]                 | IN  | X0Y5    | BW2         | 220     |              |        |        |        |        | Unconnected  |
 | DBG_RXP[4]                 | IN  | X0Y64   | AD4         | 235     |              |        |        |        |        | Unconnected  |
 | DBG_RXP[5]                 | IN  | X0Y65   | AC2         | 235     |              |        |        |        |        | Unconnected  |
 | DBG_RXP[6]                 | IN  | X0Y44   | AT4         | 230     |              |        |        |        |        | Unconnected  |
 | DBG_RXP[7]                 | IN  | X0Y45   | AR2         | 230     |              |        |        |        |        | Unconnected  |
 | DBG_TXN[0]                 | OUT | X0Y24   | BK8         | 225     |              |        |        |        |        | Unconnected  |
 | DBG_TXN[1]                 | OUT | X0Y25   | BJ6         | 225     |              |        |        |        |        | Unconnected  |
 | DBG_TXN[2]                 | OUT | X0Y4    | CC6         | 220     |              |        |        |        |        | Unconnected  |
 | DBG_TXN[3]                 | OUT | X0Y5    | CB4         | 220     |              |        |        |        |        | Unconnected  |
 | DBG_TXN[4]                 | OUT | X0Y64   | AF8         | 235     |              |        |        |        |        | Unconnected  |
 | DBG_TXN[5]                 | OUT | X0Y65   | AE6         | 235     |              |        |        |        |        | Unconnected  |
 | DBG_TXN[6]                 | OUT | X0Y44   | AV8         | 230     |              |        |        |        |        | Unconnected  |
 | DBG_TXN[7]                 | OUT | X0Y45   | AU6         | 230     |              |        |        |        |        | Unconnected  |
 | DBG_TXP[0]                 | OUT | X0Y24   | BK9         | 225     |              |        |        |        |        | Unconnected  |
 | DBG_TXP[1]                 | OUT | X0Y25   | BJ7         | 225     |              |        |        |        |        | Unconnected  |
 | DBG_TXP[2]                 | OUT | X0Y4    | CC7         | 220     |              |        |        |        |        | Unconnected  |
 | DBG_TXP[3]                 | OUT | X0Y5    | CB5         | 220     |              |        |        |        |        | Unconnected  |
 | DBG_TXP[4]                 | OUT | X0Y64   | AF9         | 235     |              |        |        |        |        | Unconnected  |
 | DBG_TXP[5]                 | OUT | X0Y65   | AE7         | 235     |              |        |        |        |        | Unconnected  |
 | DBG_TXP[6]                 | OUT | X0Y44   | AV9         | 230     |              |        |        |        |        | Unconnected  |
 | DBG_TXP[7]                 | OUT | X0Y45   | AU7         | 230     |              |        |        |        |        | Unconnected  |
 | DMOUTWB[0]                 | IN  | X1Y667  | H29         | 71      | X7Y12        | 0      | 0      | 0      | 0      | No Input FF  |
 | DMOUTWB[1]                 | IN  | X1Y669  | F29         | 71      | X7Y12        | 0      | 0      | 0      | 0      | No Input FF  |
 | DMOUTWB[2]                 | IN  | X1Y671  | J28         | 71      | X7Y12        | 0      | 0      | 0      | 0      | No Input FF  |
 | DMOUTWB[3]                 | IN  | X1Y673  | E28         | 71      | X7Y12        | 0      | 0      | 0      | 0      | No Input FF  |
 | DMOUTWB[4]                 | IN  | X1Y655  | H31         | 71      | X7Y12        | 0      | 0      | 0      | 0      | No Input FF  |
 | DMOUTWB[5]                 | IN  | X1Y657  | H30         | 71      | X7Y12        | 0      | 0      | 0      | 0      | No Input FF  |
 | DMOUTWB[6]                 | IN  | X1Y659  | J32         | 71      | X7Y12        | 0      | 0      | 0      | 0      | No Input FF  |
 | DMOUTWB[7]                 | IN  | X1Y661  | G33         | 71      | X7Y12        | 0      | 0      | 0      | 0      | No Input FF  |
 | DMOUTWB[8]                 | IN  | X1Y664  | G28         | 71      | X7Y12        | 0      | 0      | 0      | 0      | No Input FF  |
 | DMOUTWB[9]                 | IN  | X1Y666  | F27         | 71      | X7Y12        | 0      | 0      | 0      | 0      | No Input FF  |
 | DMOUTWB[10]                | IN  | X1Y668  | H28         | 71      | X7Y12        | 0      | 0      | 0      | 0      | No Input FF  |
 | DMOUTWB[11]                | IN  | X1Y670  | E29         | 71      | X7Y12        | 0      | 0      | 0      | 0      | No Input FF  |
 | DMOUTWB[12]                | IN  | X1Y672  | J27         | 71      | X7Y12        | 0      | 0      | 0      | 0      | No Input FF  |
 | DMOUTWB[13]                | IN  | X1Y674  | E27         | 71      | X7Y12        | 0      | 0      | 0      | 0      | No Input FF  |
 | DMOUTWB[14]                | IN  | X1Y571  | F39         | 69      | X7Y10        | 0      | 0      | 0      | 0      | No Input FF  |
 | DMOUTWB[15]                | IN  | X1Y539  | B36         | 69      | X7Y10        | 0      | 0      | 0      | 0      | No Input FF  |
 | DMOUTWB[16]                | IN  | X1Y550  | H35         | 69      | X7Y10        | 0      | 0      | 0      | 0      | No Input FF  |
 | DMOUTWB[17]                | IN  | X1Y556  | H34         | 69      | X7Y10        | 0      | 0      | 0      | 0      | No Input FF  |
 | DMOUTWB[18]                | IN  | X1Y559  | H39         | 69      | X7Y10        | 0      | 0      | 0      | 0      | No Input FF  |
 | DMOUTWB[19]                | IN  | X1Y561  | G37         | 69      | X7Y10        | 0      | 0      | 0      | 0      | No Input FF  |
 | DMOUTWB[20]                | IN  | X1Y563  | H38         | 69      | X7Y10        | 0      | 0      | 0      | 0      | No Input FF  |
 | DMOUTWB[21]                | IN  | X1Y565  | J40         | 69      | X7Y10        | 0      | 0      | 0      | 0      | No Input FF  |
 | DMOUTWB[22]                | IN  | X1Y567  | J37         | 69      | X7Y10        | 0      | 0      | 0      | 0      | No Input FF  |
 | DMOUTWB[23]                | IN  | X1Y569  | K39         | 69      | X7Y10        | 0      | 0      | 0      | 0      | No Input FF  |
 | DMOUTWB[24]                | IN  | X1Y540  | A36         | 69      | X7Y10        | 0      | 0      | 0      | 0      | No Input FF  |
 | DMOUTWB[25]                | IN  | X1Y551  | H36         | 69      | X7Y10        | 0      | 0      | 0      | 0      | No Input FF  |
 | DMOUTWB[26]                | IN  | X1Y557  | G34         | 69      | X7Y10        | 0      | 0      | 0      | 0      | No Input FF  |
 | DMOUTWB[27]                | IN  | X1Y560  | G39         | 69      | X7Y10        | 0      | 0      | 0      | 0      | No Input FF  |
 | DMOUTWB[28]                | IN  | X1Y562  | F37         | 69      | X7Y10        | 0      | 0      | 0      | 0      | No Input FF  |
 | DMOUTWB[29]                | IN  | X1Y564  | G38         | 69      | X7Y10        | 0      | 0      | 0      | 0      | No Input FF  |
 | DMOUTWB[30]                | IN  | X1Y566  | H40         | 69      | X7Y10        | 0      | 0      | 0      | 0      | No Input FF  |
 | DMOUTWB[31]                | IN  | X1Y568  | J38         | 69      | X7Y10        | 0      | 0      | 0      | 0      | No Input FF  |
 | DMOUTWB[32]                | IN  | X1Y570  | K40         | 69      | X7Y10        | 0      | 0      | 0      | 0      | No Input FF  |
 | DMOUTWB[33]                | IN  | X0Y1021 | M41         | 38      | X0Y19        | 0      | 0      | 0      | 0      | No Input FF  |
 | DMOUTWB[34]                | IN  | X0Y1020 | N41         | 38      | X0Y19        | 0      | 0      | 0      | 0      | No Input FF  |
 | DMOUTWB[35]                | IN  | X0Y1023 | K43         | 38      | X0Y19        | 0      | 0      | 0      | 0      | No Input FF  |
 | DMOUTWB[36]                | IN  | X0Y1022 | K42         | 38      | X0Y19        | 0      | 0      | 0      | 0      | No Input FF  |
 | DMOUTWB[37]                | IN  | X0Y1002 | N45         | 38      | X0Y19        | 0      | 0      | 0      | 0      | No Input FF  |
 | DMOUTWB[38]                | IN  | X0Y1001 | P45         | 38      | X0Y19        | 0      | 0      | 0      | 0      | No Input FF  |
 | DMOUTWB[39]                | IN  | X0Y999  | U44         | 38      | X0Y19        | 0      | 0      | 0      | 0      | No Input FF  |
 | DMOUTWB[40]                | IN  | X0Y998  | U43         | 38      | X0Y19        | 0      | 0      | 0      | 0      | No Input FF  |
 | DMOUTWB[41]                | IN  | X0Y1006 | R45         | 38      | X0Y19        | 0      | 0      | 0      | 0      | No Input FF  |
 | DMOUTWB[42]                | IN  | X0Y1005 | R44         | 38      | X0Y19        | 0      | 0      | 0      | 0      | No Input FF  |
 | DMOUTWB[43]                | IN  | X0Y1004 | T45         | 38      | X0Y19        | 0      | 0      | 0      | 0      | No Input FF  |
 | DMOUTWB[44]                | IN  | X0Y1003 | T44         | 38      | X0Y19        | 0      | 0      | 0      | 0      | No Input FF  |
 | DMOUTWB[45]                | IN  | X0Y1012 | R43         | 38      | X0Y19        | 0      | 0      | 0      | 0      | No Input FF  |
 | DMOUTWB[46]                | IN  | X0Y1011 | R42         | 38      | X0Y19        | 0      | 0      | 0      | 0      | No Input FF  |
 | DMOUTWB[47]                | IN  | X0Y1008 | T42         | 38      | X0Y19        | 0      | 0      | 0      | 0      | No Input FF  |
 | DMOUTWB[48]                | IN  | X0Y1007 | T41         | 38      | X0Y19        | 0      | 0      | 0      | 0      | No Input FF  |
 | DMOUTWB[49]                | IN  | X0Y1013 | P41         | 38      | X0Y19        | 0      | 0      | 0      | 0      | No Input FF  |
 | DMOUTWB[50]                | IN  | X0Y991  | V44         | 38      | X0Y19        | 0      | 0      | 0      | 0      | No Input FF  |
 | DMOUTWB[51]                | IN  | X0Y990  | V43         | 38      | X0Y19        | 0      | 0      | 0      | 0      | No Input FF  |
 | DMOUTWB[52]                | IN  | X0Y989  | V41         | 38      | X0Y19        | 0      | 0      | 0      | 0      | No Input FF  |
 | DMOUTWB[53]                | IN  | X0Y988  | W41         | 38      | X0Y19        | 0      | 0      | 0      | 0      | No Input FF  |
 | DMOUTWB[54]                | IN  | X0Y995  | U42         | 38      | X0Y19        | 0      | 0      | 0      | 0      | No Input FF  |
 | DMOUTWB[55]                | IN  | X0Y994  | U41         | 38      | X0Y19        | 0      | 0      | 0      | 0      | No Input FF  |
 | DMOUTWB[56]                | IN  | X0Y993  | W43         | 38      | X0Y19        | 0      | 0      | 0      | 0      | No Input FF  |
 | DMOUTWB[57]                | IN  | X0Y992  | W42         | 38      | X0Y19        | 0      | 0      | 0      | 0      | No Input FF  |
 | DMOUTWB[58]                | IN  | X0Y1010 | P43         | 38      | X0Y19        | 0      | 0      | 0      | 0      | No Input FF  |
 | DMOUTWB[59]                | IN  | X0Y1009 | P42         | 38      | X0Y19        | 0      | 0      | 0      | 0      | No Input FF  |
 | DMOUTWB[60]                | IN  | X0Y997  | W46         | 38      | X0Y19        | 0      | 0      | 0      | 0      | No Input FF  |
 | DMOUTWB[61]                | IN  | X0Y996  | W45         | 38      | X0Y19        | 0      | 0      | 0      | 0      | No Input FF  |
 | DMOUTWB[62]                | IN  | X0Y976  | B46         | 37      | X0Y18        | 0      | 0      | 0      | 0      | No Input FF  |
 | DMOUTWB[63]                | IN  | X0Y975  | C46         | 37      | X0Y18        | 0      | 0      | 0      | 0      | No Input FF  |
 | DUMMY_GSR_PORT             | OUT | X1Y313  | BT36        | 65      | X7Y6         | 0      | 0      | 0      | 0      | No Output FF |
 | DUMMY_PORT                 | OUT | X1Y332  | CB37        | 65      | X7Y6         | 0      | 0      | 0      | 0      | No Output FF |
 | equal                      | OUT | X0Y73   | BM44        | 20      | X0Y1         | 0      | 0      | 0      | 0      | No Output FF |
 | GT1_REFCLK_N               | IN  | X0Y8    | BA10        | 227     |              |        |        |        |        | Unconnected  |
 | GT1_REFCLK_P               | IN  | X0Y8    | BA11        | 227     |              |        |        |        |        | Unconnected  |
 | GT1_RXN[0]                 | IN  | X0Y32   | AY3         | 227     |              |        |        |        |        | Unconnected  |
 | GT1_RXN[1]                 | IN  | X0Y33   | AW1         | 227     |              |        |        |        |        | Unconnected  |
 | GT1_RXN[2]                 | IN  | X0Y34   | AV3         | 227     |              |        |        |        |        | Unconnected  |
 | GT1_RXN[3]                 | IN  | X0Y35   | AU1         | 227     |              |        |        |        |        | Unconnected  |
 | GT1_RXP[0]                 | IN  | X0Y32   | AY4         | 227     |              |        |        |        |        | Unconnected  |
 | GT1_RXP[1]                 | IN  | X0Y33   | AW2         | 227     |              |        |        |        |        | Unconnected  |
 | GT1_RXP[2]                 | IN  | X0Y34   | AV4         | 227     |              |        |        |        |        | Unconnected  |
 | GT1_RXP[3]                 | IN  | X0Y35   | AU2         | 227     |              |        |        |        |        | Unconnected  |
 | GT1_TXN[0]                 | OUT | X0Y32   | BB8         | 227     |              |        |        |        |        | Unconnected  |
 | GT1_TXN[1]                 | OUT | X0Y33   | BA6         | 227     |              |        |        |        |        | Unconnected  |
 | GT1_TXN[2]                 | OUT | X0Y34   | AY8         | 227     |              |        |        |        |        | Unconnected  |
 | GT1_TXN[3]                 | OUT | X0Y35   | AW6         | 227     |              |        |        |        |        | Unconnected  |
 | GT1_TXP[0]                 | OUT | X0Y32   | BB9         | 227     |              |        |        |        |        | Unconnected  |
 | GT1_TXP[1]                 | OUT | X0Y33   | BA7         | 227     |              |        |        |        |        | Unconnected  |
 | GT1_TXP[2]                 | OUT | X0Y34   | AY9         | 227     |              |        |        |        |        | Unconnected  |
 | GT1_TXP[3]                 | OUT | X0Y35   | AW7         | 227     |              |        |        |        |        | Unconnected  |
 | IMMID[0]                   | OUT | X0Y117  | CC54        | 21      | X0Y2         | 0      | 0      | 0      | 0      | No Output FF |
 | IMMID[1]                   | OUT | X0Y63   | BK48        | 20      | X0Y1         | 0      | 0      | 0      | 0      | No Output FF |
 | IMMID[2]                   | OUT | X1Y221  | BY25        | 63      | X7Y4         | 0      | 0      | 0      | 0      | No Output FF |
 | IMMID[3]                   | OUT | X0Y120  | CB57        | 21      | X0Y2         | 0      | 0      | 0      | 0      | No Output FF |
 | IMMID[4]                   | OUT | X0Y119  | CB56        | 21      | X0Y2         | 0      | 0      | 0      | 0      | No Output FF |
 | IMMID[5]                   | OUT | X0Y122  | CB54        | 21      | X0Y2         | 0      | 0      | 0      | 0      | No Output FF |
 | IMMID[6]                   | OUT | X1Y224  | CA24        | 63      | X7Y4         | 0      | 0      | 0      | 0      | No Output FF |
 | IMMID[7]                   | OUT | X0Y14   | CB48        | 19      | X0Y0         | 0      | 0      | 0      | 0      | No Output FF |
 | IMMID[8]                   | OUT | X0Y121  | CB53        | 21      | X0Y2         | 0      | 0      | 0      | 0      | No Output FF |
 | IMMID[9]                   | OUT | X0Y124  | CA57        | 21      | X0Y2         | 0      | 0      | 0      | 0      | No Output FF |
 | IMMID[10]                  | OUT | X0Y123  | CA56        | 21      | X0Y2         | 0      | 0      | 0      | 0      | No Output FF |
 | INSTRUCID_0_11[0]          | IN  | X0Y969  | D43         | 37      | X0Y18        | 0      | 0      | 0      | 0      | No Input FF  |
 | INSTRUCID_0_11[1]          | IN  | X0Y968  | D42         | 37      | X0Y18        | 0      | 0      | 0      | 0      | No Input FF  |
 | INSTRUCID_0_11[2]          | IN  | X0Y971  | F42         | 37      | X0Y18        | 0      | 0      | 0      | 0      | No Input FF  |
 | INSTRUCID_0_11[3]          | IN  | X0Y970  | F41         | 37      | X0Y18        | 0      | 0      | 0      | 0      | No Input FF  |
 | INSTRUCID_0_11[4]          | IN  | X0Y950  | F50         | 37      | X0Y18        | 0      | 0      | 0      | 0      | No Input FF  |
 | INSTRUCID_0_11[5]          | IN  | X0Y949  | F49         | 37      | X0Y18        | 0      | 0      | 0      | 0      | No Input FF  |
 | INSTRUCID_0_11[6]          | IN  | X0Y947  | B48         | 37      | X0Y18        | 0      | 0      | 0      | 0      | No Input FF  |
 | INSTRUCID_0_11[7]          | IN  | X0Y946  | B47         | 37      | X0Y18        | 0      | 0      | 0      | 0      | No Input FF  |
 | INSTRUCID_0_11[8]          | IN  | X0Y954  | E50         | 37      | X0Y18        | 0      | 0      | 0      | 0      | No Input FF  |
 | INSTRUCID_0_11[9]          | IN  | X0Y953  | E49         | 37      | X0Y18        | 0      | 0      | 0      | 0      | No Input FF  |
 | INSTRUCID_0_11[10]         | IN  | X0Y952  | D51         | 37      | X0Y18        | 0      | 0      | 0      | 0      | No Input FF  |
 | INSTRUCID_0_11[11]         | IN  | X0Y951  | D50         | 37      | X0Y18        | 0      | 0      | 0      | 0      | No Input FF  |
 | INSTRUCID_15_26[15]        | IN  | X0Y960  | D47         | 37      | X0Y18        | 0      | 0      | 0      | 0      | No Input FF  |
 | INSTRUCID_15_26[16]        | IN  | X0Y959  | E47         | 37      | X0Y18        | 0      | 0      | 0      | 0      | No Input FF  |
 | INSTRUCID_15_26[17]        | IN  | X0Y956  | F47         | 37      | X0Y18        | 0      | 0      | 0      | 0      | No Input FF  |
 | INSTRUCID_15_26[18]        | IN  | X0Y955  | F46         | 37      | X0Y18        | 0      | 0      | 0      | 0      | No Input FF  |
 | INSTRUCID_15_26[19]        | IN  | X0Y961  | F51         | 37      | X0Y18        | 0      | 0      | 0      | 0      | No Input FF  |
 | INSTRUCID_15_26[20]        | IN  | X0Y939  | C51         | 37      | X0Y18        | 0      | 0      | 0      | 0      | No Input FF  |
 | INSTRUCID_15_26[21]        | IN  | X0Y938  | C50         | 37      | X0Y18        | 0      | 0      | 0      | 0      | No Input FF  |
 | INSTRUCID_15_26[22]        | IN  | X0Y937  | A51         | 37      | X0Y18        | 0      | 0      | 0      | 0      | No Input FF  |
 | INSTRUCID_15_26[23]        | IN  | X0Y936  | B51         | 37      | X0Y18        | 0      | 0      | 0      | 0      | No Input FF  |
 | INSTRUCID_15_26[24]        | IN  | X0Y943  | A47         | 37      | X0Y18        | 0      | 0      | 0      | 0      | No Input FF  |
 | INSTRUCID_15_26[25]        | IN  | X0Y942  | A46         | 37      | X0Y18        | 0      | 0      | 0      | 0      | No Input FF  |
 | INSTRUCID_15_26[26]        | IN  | X0Y941  | A50         | 37      | X0Y18        | 0      | 0      | 0      | 0      | No Input FF  |
 | INSTRUCID_28_29[28]        | IN  | X0Y940  | A49         | 37      | X0Y18        | 0      | 0      | 0      | 0      | No Input FF  |
 | INSTRUCID_28_29[29]        | IN  | X0Y958  | D48         | 37      | X0Y18        | 0      | 0      | 0      | 0      | No Input FF  |
 | INSTRUCID_31[31]           | IN  | X0Y957  | E48         | 37      | X0Y18        | 0      | 0      | 0      | 0      | No Input FF  |
 | MEMREADEX                  | OUT | X0Y842  | D56         | 35      | X0Y16        | 0      | 0      | 0      | 0      | No Output FF |
 | MEMREADMEM                 | IN  | X0Y945  | B49         | 37      | X0Y18        | 0      | 0      | 0      | 0      | No Input FF  |
 | MNGLINK_RX                 | IN  | X1Y328  | CC36        | 65      | X7Y6         | 0      | 0      | 0      | 0      | No Input FF  |
 | MNGLINK_TX                 | OUT | X1Y327  | CC35        | 65      | X7Y6         | 0      | 0      | 0      | 0      | No Output FF |
 | N_1                        | OUT | X0Y927  | H51         | 36      | X0Y17        | 0      | 0      | 0      | 0      | No Output FF |
 | PCSRCID                    | OUT | X0Y930  | G48         | 36      | X0Y17        | 0      | 0      | 0      | 0      | No Output FF |
 | pin_B32                    | IN  | X1Y644  | B32         | 71      | X7Y12        | 0      | 0      | 0      | 0      | No Input FF  |
 | pin_B33                    | IN  | X1Y643  | B33         | 71      | X7Y12        | 1      | 0      | 0      | 0      | No Input FF  |
 | pin_BN15                   | IN  | X1Y79   | BN15        | 60      | X7Y1         | 0      | 0      | 0      | 0      | No Input FF  |
 | pin_BN16                   | IN  | X1Y78   | BN16        | 60      | X7Y1         | 1      | 0      | 0      | 0      | No Input FF  |
 | pin_BP13                   | OUT | X1Y71   | BP13        | 60      | X7Y1         | 1      | 1      | 0      | 0      | No Output FF |
 | pin_BR13                   | OUT | X1Y72   | BR13        | 60      | X7Y1         | 0      | 0      | 0      | 0      | No Output FF |
 | pin_D45                    | IN  | X0Y962  | D45         | 37      | X0Y18        | 1      | 0      | 0      | 0      | No Input FF  |
 | pin_D46                    | IN  | X0Y963  | D46         | 37      | X0Y18        | 0      | 0      | 0      | 0      | No Input FF  |
 | pin_E34                    | IN  | X1Y553  | E34         | 69      | X7Y10        | 0      | 0      | 0      | 0      | No Input FF  |
 | pin_F34                    | IN  | X1Y552  | F34         | 69      | X7Y10        | 1      | 0      | 0      | 0      | No Input FF  |
 | pin_M44                    | IN  | X0Y1015 | M44         | 38      | X0Y19        | 0      | 0      | 0      | 0      | No Input FF  |
 | pin_M48                    | IN  | X0Y910  | M48         | 36      | X0Y17        | 1      | 0      | 0      | 0      | No Input FF  |
 | pin_M49                    | IN  | X0Y911  | M49         | 36      | X0Y17        | 0      | 0      | 0      | 0      | No Input FF  |
 | pin_N44                    | IN  | X0Y1014 | N44         | 38      | X0Y19        | 1      | 0      | 0      | 0      | No Input FF  |
 | RD1ID[0]                   | OUT | X0Y13   | CB47        | 19      | X0Y0         | 0      | 0      | 0      | 0      | No Output FF |
 | RD1ID[1]                   | OUT | X0Y62   | BJ48        | 20      | X0Y1         | 0      | 0      | 0      | 0      | No Output FF |
 | RD1ID[2]                   | OUT | X0Y66   | BP46        | 20      | X0Y1         | 0      | 0      | 0      | 0      | No Output FF |
 | RD1ID[3]                   | OUT | X1Y223  | CA25        | 63      | X7Y4         | 0      | 0      | 0      | 0      | No Output FF |
 | RD1ID[4]                   | OUT | X0Y65   | BN46        | 20      | X0Y1         | 0      | 0      | 0      | 0      | No Output FF |
 | RD1ID[5]                   | OUT | X0Y128  | BY54        | 21      | X0Y2         | 0      | 0      | 0      | 0      | No Output FF |
 | RD1ID[6]                   | OUT | X0Y68   | BR43        | 20      | X0Y1         | 0      | 0      | 0      | 0      | No Output FF |
 | RD1ID[7]                   | OUT | X1Y226  | CC25        | 63      | X7Y4         | 0      | 0      | 0      | 0      | No Output FF |
 | RD1ID[8]                   | OUT | X0Y16   | BY48        | 19      | X0Y0         | 0      | 0      | 0      | 0      | No Output FF |
 | RD1ID[9]                   | OUT | X1Y225  | CC26        | 63      | X7Y4         | 0      | 0      | 0      | 0      | No Output FF |
 | RD1ID[10]                  | OUT | X0Y67   | BR42        | 20      | X0Y1         | 0      | 0      | 0      | 0      | No Output FF |
 | RD1ID[11]                  | OUT | X0Y15   | BY47        | 19      | X0Y0         | 0      | 0      | 0      | 0      | No Output FF |
 | RD1ID[12]                  | OUT | X0Y18   | CA47        | 19      | X0Y0         | 0      | 0      | 0      | 0      | No Output FF |
 | RD1ID[13]                  | OUT | X1Y228  | CC24        | 63      | X7Y4         | 0      | 0      | 0      | 0      | No Output FF |
 | RD1ID[14]                  | OUT | X1Y227  | CB24        | 63      | X7Y4         | 0      | 0      | 0      | 0      | No Output FF |
 | RD1ID[15]                  | OUT | X1Y232  | CB26        | 63      | X7Y4         | 0      | 0      | 0      | 0      | No Output FF |
 | RD1ID[16]                  | OUT | X0Y127  | BY53        | 21      | X0Y2         | 0      | 0      | 0      | 0      | No Output FF |
 | RD1ID[17]                  | OUT | X0Y144  | BW51        | 21      | X0Y2         | 0      | 0      | 0      | 0      | No Output FF |
 | RD1ID[18]                  | OUT | X1Y231  | CB27        | 63      | X7Y4         | 0      | 0      | 0      | 0      | No Output FF |
 | RD1ID[19]                  | OUT | X0Y143  | BV51        | 21      | X0Y2         | 0      | 0      | 0      | 0      | No Output FF |
 | RD1ID[20]                  | OUT | X1Y248  | BY29        | 63      | X7Y4         | 0      | 0      | 0      | 0      | No Output FF |
 | RD1ID[21]                  | OUT | X1Y247  | BY30        | 63      | X7Y4         | 0      | 0      | 0      | 0      | No Output FF |
 | RD1ID[22]                  | OUT | X0Y70   | BP45        | 20      | X0Y1         | 0      | 0      | 0      | 0      | No Output FF |
 | RD1ID[23]                  | OUT | X0Y17   | CA46        | 19      | X0Y0         | 0      | 0      | 0      | 0      | No Output FF |
 | RD1ID[24]                  | OUT | X0Y20   | CC46        | 19      | X0Y0         | 0      | 0      | 0      | 0      | No Output FF |
 | RD1ID[25]                  | OUT | X0Y69   | BN45        | 20      | X0Y1         | 0      | 0      | 0      | 0      | No Output FF |
 | RD1ID[26]                  | OUT | X1Y245  | CC33        | 63      | X7Y4         | 0      | 0      | 0      | 0      | No Output FF |
 | RD1ID[27]                  | OUT | X0Y72   | BP43        | 20      | X0Y1         | 0      | 0      | 0      | 0      | No Output FF |
 | RD1ID[28]                  | OUT | X1Y244  | CB33        | 63      | X7Y4         | 0      | 0      | 0      | 0      | No Output FF |
 | RD1ID[29]                  | OUT | X0Y19   | CB46        | 19      | X0Y0         | 0      | 0      | 0      | 0      | No Output FF |
 | RD1ID[30]                  | OUT | X0Y71   | BP42        | 20      | X0Y1         | 0      | 0      | 0      | 0      | No Output FF |
 | RD1ID[31]                  | OUT | X0Y141  | BV56        | 21      | X0Y2         | 0      | 0      | 0      | 0      | No Output FF |
 | RD1ID[32]                  | OUT | X0Y76   | BN43        | 20      | X0Y1         | 0      | 0      | 0      | 0      | No Output FF |
 | RD1ID[33]                  | OUT | X0Y75   | BM43        | 20      | X0Y1         | 0      | 0      | 0      | 0      | No Output FF |
 | RD1ID[34]                  | OUT | X0Y92   | BF42        | 20      | X0Y1         | 0      | 0      | 0      | 0      | No Output FF |
 | RD1ID[35]                  | OUT | X0Y24   | BW46        | 19      | X0Y0         | 0      | 0      | 0      | 0      | No Output FF |
 | RD1ID[36]                  | OUT | X1Y243  | CC30        | 63      | X7Y4         | 0      | 0      | 0      | 0      | No Output FF |
 | RD1ID[37]                  | OUT | X0Y91   | BF41        | 20      | X0Y1         | 0      | 0      | 0      | 0      | No Output FF |
 | RD1ID[38]                  | OUT | X0Y89   | BM46        | 20      | X0Y1         | 0      | 0      | 0      | 0      | No Output FF |
 | RD1ID[39]                  | OUT | X0Y88   | BL46        | 20      | X0Y1         | 0      | 0      | 0      | 0      | No Output FF |
 | RD1ID[40]                  | OUT | X0Y87   | BJ47        | 20      | X0Y1         | 0      | 0      | 0      | 0      | No Output FF |
 | RD1ID[41]                  | OUT | X0Y140  | BU56        | 21      | X0Y2         | 0      | 0      | 0      | 0      | No Output FF |
 | RD1ID[42]                  | OUT | X0Y86   | BJ46        | 20      | X0Y1         | 0      | 0      | 0      | 0      | No Output FF |
 | RD1ID[43]                  | OUT | X0Y23   | BW45        | 19      | X0Y0         | 0      | 0      | 0      | 0      | No Output FF |
 | RD1ID[44]                  | OUT | X1Y242  | CC31        | 63      | X7Y4         | 0      | 0      | 0      | 0      | No Output FF |
 | RD1ID[45]                  | OUT | X0Y139  | BT56        | 21      | X0Y2         | 0      | 0      | 0      | 0      | No Output FF |
 | RD1ID[46]                  | OUT | X0Y40   | BU46        | 19      | X0Y0         | 0      | 0      | 0      | 0      | No Output FF |
 | RD1ID[47]                  | OUT | X0Y138  | BT55        | 21      | X0Y2         | 0      | 0      | 0      | 0      | No Output FF |
 | RD1ID[48]                  | OUT | X1Y241  | CB32        | 63      | X7Y4         | 0      | 0      | 0      | 0      | No Output FF |
 | RD1ID[49]                  | OUT | X0Y85   | BL42        | 20      | X0Y1         | 0      | 0      | 0      | 0      | No Output FF |
 | RD1ID[50]                  | OUT | X0Y39   | BT46        | 19      | X0Y0         | 0      | 0      | 0      | 0      | No Output FF |
 | RD1ID[51]                  | OUT | X0Y137  | BY57        | 21      | X0Y2         | 0      | 0      | 0      | 0      | No Output FF |
 | RD1ID[52]                  | OUT | X0Y37   | CA42        | 19      | X0Y0         | 0      | 0      | 0      | 0      | No Output FF |
 | RD1ID[53]                  | OUT | X1Y240  | CA32        | 63      | X7Y4         | 0      | 0      | 0      | 0      | No Output FF |
 | RD1ID[54]                  | OUT | X0Y136  | BW57        | 21      | X0Y2         | 0      | 0      | 0      | 0      | No Output FF |
 | RD1ID[55]                  | OUT | X0Y84   | BK42        | 20      | X0Y1         | 0      | 0      | 0      | 0      | No Output FF |
 | RD1ID[56]                  | OUT | X0Y83   | BK45        | 20      | X0Y1         | 0      | 0      | 0      | 0      | No Output FF |
 | RD1ID[57]                  | OUT | X0Y135  | BU58        | 21      | X0Y2         | 0      | 0      | 0      | 0      | No Output FF |
 | RD1ID[58]                  | OUT | X0Y36   | BY42        | 19      | X0Y0         | 0      | 0      | 0      | 0      | No Output FF |
 | RD1ID[59]                  | OUT | X1Y239  | CC28        | 63      | X7Y4         | 0      | 0      | 0      | 0      | No Output FF |
 | RD1ID[60]                  | OUT | X0Y35   | CC44        | 19      | X0Y0         | 0      | 0      | 0      | 0      | No Output FF |
 | RD1ID[61]                  | OUT | X1Y238  | CC29        | 63      | X7Y4         | 0      | 0      | 0      | 0      | No Output FF |
 | RD1ID[62]                  | OUT | X1Y235  | CB29        | 63      | X7Y4         | 0      | 0      | 0      | 0      | No Output FF |
 | RD1ID[63]                  | OUT | X0Y34   | CC43        | 19      | X0Y0         | 0      | 0      | 0      | 0      | No Output FF |
 | RD2ID[0]                   | OUT | X0Y134  | BT57        | 21      | X0Y2         | 0      | 0      | 0      | 0      | No Output FF |
 | RD2ID[1]                   | OUT | X0Y131  | BW56        | 21      | X0Y2         | 0      | 0      | 0      | 0      | No Output FF |
 | RD2ID[2]                   | OUT | X0Y130  | BV55        | 21      | X0Y2         | 0      | 0      | 0      | 0      | No Output FF |
 | RD2ID[3]                   | OUT | X0Y82   | BJ45        | 20      | X0Y1         | 0      | 0      | 0      | 0      | No Output FF |
 | RD2ID[4]                   | OUT | X1Y234  | CA29        | 63      | X7Y4         | 0      | 0      | 0      | 0      | No Output FF |
 | RD2ID[5]                   | OUT | X0Y33   | CB43        | 19      | X0Y0         | 0      | 0      | 0      | 0      | No Output FF |
 | RD2ID[6]                   | OUT | X0Y32   | CB42        | 19      | X0Y0         | 0      | 0      | 0      | 0      | No Output FF |
 | RD2ID[7]                   | OUT | X0Y79   | BK43        | 20      | X0Y1         | 0      | 0      | 0      | 0      | No Output FF |
 | RD2ID[8]                   | OUT | X1Y259  | BY32        | 63      | X7Y4         | 0      | 0      | 0      | 0      | No Output FF |
 | RD2ID[9]                   | OUT | X0Y31   | CC45        | 19      | X0Y0         | 0      | 0      | 0      | 0      | No Output FF |
 | RD2ID[10]                  | OUT | X0Y78   | BJ43        | 20      | X0Y1         | 0      | 0      | 0      | 0      | No Output FF |
 | RD2ID[11]                  | OUT | X0Y30   | CB44        | 19      | X0Y0         | 0      | 0      | 0      | 0      | No Output FF |
 | RD2ID[12]                  | OUT | X0Y155  | BU53        | 21      | X0Y2         | 0      | 0      | 0      | 0      | No Output FF |
 | RD2ID[13]                  | OUT | X0Y103  | BH41        | 20      | X0Y1         | 0      | 0      | 0      | 0      | No Output FF |
 | RD2ID[14]                  | OUT | X0Y102  | BH44        | 20      | X0Y1         | 0      | 0      | 0      | 0      | No Output FF |
 | RD2ID[15]                  | OUT | X0Y27   | CA44        | 19      | X0Y0         | 0      | 0      | 0      | 0      | No Output FF |
 | RD2ID[16]                  | OUT | X0Y26   | BY44        | 19      | X0Y0         | 0      | 0      | 0      | 0      | No Output FF |
 | RD2ID[17]                  | OUT | X1Y258  | BV33        | 63      | X7Y4         | 0      | 0      | 0      | 0      | No Output FF |
 | RD2ID[18]                  | OUT | X0Y154  | BV54        | 21      | X0Y2         | 0      | 0      | 0      | 0      | No Output FF |
 | RD2ID[19]                  | OUT | X0Y101  | BG44        | 20      | X0Y1         | 0      | 0      | 0      | 0      | No Output FF |
 | RD2ID[20]                  | OUT | X1Y257  | BV34        | 63      | X7Y4         | 0      | 0      | 0      | 0      | No Output FF |
 | RD2ID[21]                  | OUT | X1Y256  | BV30        | 63      | X7Y4         | 0      | 0      | 0      | 0      | No Output FF |
 | RD2ID[22]                  | OUT | X1Y255  | BV31        | 63      | X7Y4         | 0      | 0      | 0      | 0      | No Output FF |
 | RD2ID[23]                  | OUT | X0Y153  | BV53        | 21      | X0Y2         | 0      | 0      | 0      | 0      | No Output FF |
 | RD2ID[24]                  | OUT | X0Y152  | BU54        | 21      | X0Y2         | 0      | 0      | 0      | 0      | No Output FF |
 | RD2ID[25]                  | OUT | X1Y254  | BY33        | 63      | X7Y4         | 0      | 0      | 0      | 0      | No Output FF |
 | RD2ID[26]                  | OUT | X0Y51   | BT45        | 19      | X0Y0         | 0      | 0      | 0      | 0      | No Output FF |
 | RD2ID[27]                  | OUT | X0Y151  | BT54        | 21      | X0Y2         | 0      | 0      | 0      | 0      | No Output FF |
 | RD2ID[28]                  | OUT | X1Y253  | BY34        | 63      | X7Y4         | 0      | 0      | 0      | 0      | No Output FF |
 | RD2ID[29]                  | OUT | X0Y100  | BE43        | 20      | X0Y1         | 0      | 0      | 0      | 0      | No Output FF |
 | RD2ID[30]                  | OUT | X1Y252  | BW30        | 63      | X7Y4         | 0      | 0      | 0      | 0      | No Output FF |
 | RD2ID[31]                  | OUT | X0Y150  | BU52        | 21      | X0Y2         | 0      | 0      | 0      | 0      | No Output FF |
 | RD2ID[32]                  | OUT | X1Y251  | BW31        | 63      | X7Y4         | 0      | 0      | 0      | 0      | No Output FF |
 | RD2ID[33]                  | OUT | X0Y99   | BE42        | 20      | X0Y1         | 0      | 0      | 0      | 0      | No Output FF |
 | RD2ID[34]                  | OUT | X0Y98   | BH43        | 20      | X0Y1         | 0      | 0      | 0      | 0      | No Output FF |
 | RD2ID[35]                  | OUT | X1Y250  | BW32        | 63      | X7Y4         | 0      | 0      | 0      | 0      | No Output FF |
 | RD2ID[36]                  | OUT | X0Y50   | BT44        | 19      | X0Y0         | 0      | 0      | 0      | 0      | No Output FF |
 | RD2ID[37]                  | OUT | X0Y49   | BR44        | 19      | X0Y0         | 0      | 0      | 0      | 0      | No Output FF |
 | RD2ID[38]                  | OUT | X1Y249  | BW33        | 63      | X7Y4         | 0      | 0      | 0      | 0      | No Output FF |
 | RD2ID[39]                  | OUT | X0Y149  | BU51        | 21      | X0Y2         | 0      | 0      | 0      | 0      | No Output FF |
 | RD2ID[40]                  | OUT | X0Y48   | BV44        | 19      | X0Y0         | 0      | 0      | 0      | 0      | No Output FF |
 | RD2ID[41]                  | OUT | X0Y47   | BU44        | 19      | X0Y0         | 0      | 0      | 0      | 0      | No Output FF |
 | RD2ID[42]                  | OUT | X0Y46   | BU42        | 19      | X0Y0         | 0      | 0      | 0      | 0      | No Output FF |
 | RD2ID[43]                  | OUT | X0Y45   | BT42        | 19      | X0Y0         | 0      | 0      | 0      | 0      | No Output FF |
 | RD2ID[44]                  | OUT | X0Y44   | BV46        | 19      | X0Y0         | 0      | 0      | 0      | 0      | No Output FF |
 | RD2ID[45]                  | OUT | X0Y43   | BV45        | 19      | X0Y0         | 0      | 0      | 0      | 0      | No Output FF |
 | RD2ID[46]                  | OUT | X0Y42   | BV43        | 19      | X0Y0         | 0      | 0      | 0      | 0      | No Output FF |
 | RD2ID[47]                  | OUT | X0Y97   | BG43        | 20      | X0Y1         | 0      | 0      | 0      | 0      | No Output FF |
 | RD2ID[48]                  | OUT | X0Y41   | BU43        | 19      | X0Y0         | 0      | 0      | 0      | 0      | No Output FF |
 | RD2ID[49]                  | OUT | X0Y148  | BW53        | 21      | X0Y2         | 0      | 0      | 0      | 0      | No Output FF |
 | RD2ID[50]                  | OUT | X0Y96   | BF44        | 20      | X0Y1         | 0      | 0      | 0      | 0      | No Output FF |
 | RD2ID[51]                  | OUT | X0Y29   | BY43        | 19      | X0Y0         | 0      | 0      | 0      | 0      | No Output FF |
 | RD2ID[52]                  | OUT | X0Y28   | BW43        | 19      | X0Y0         | 0      | 0      | 0      | 0      | No Output FF |
 | RD2ID[53]                  | OUT | X0Y95   | BE44        | 20      | X0Y1         | 0      | 0      | 0      | 0      | No Output FF |
 | RD2ID[54]                  | OUT | X0Y94   | BG42        | 20      | X0Y1         | 0      | 0      | 0      | 0      | No Output FF |
 | RD2ID[55]                  | OUT | X0Y93   | BG41        | 20      | X0Y1         | 0      | 0      | 0      | 0      | No Output FF |
 | RD2ID[56]                  | OUT | X0Y147  | BW52        | 21      | X0Y2         | 0      | 0      | 0      | 0      | No Output FF |
 | RD2ID[57]                  | OUT | X0Y81   | BL44        | 20      | X0Y1         | 0      | 0      | 0      | 0      | No Output FF |
 | RD2ID[58]                  | OUT | X0Y146  | BW50        | 21      | X0Y2         | 0      | 0      | 0      | 0      | No Output FF |
 | RD2ID[59]                  | OUT | X1Y237  | CA30        | 63      | X7Y4         | 0      | 0      | 0      | 0      | No Output FF |
 | RD2ID[60]                  | OUT | X1Y236  | CA31        | 63      | X7Y4         | 0      | 0      | 0      | 0      | No Output FF |
 | RD2ID[61]                  | OUT | X0Y145  | BV50        | 21      | X0Y2         | 0      | 0      | 0      | 0      | No Output FF |
 | RD2ID[62]                  | OUT | X0Y133  | BY55        | 21      | X0Y2         | 0      | 0      | 0      | 0      | No Output FF |
 | RD2ID[63]                  | OUT | X0Y132  | BW55        | 21      | X0Y2         | 0      | 0      | 0      | 0      | No Output FF |
 | REF_CLK_N                  | IN  | X0Y8    | AW10        | 227     |              |        |        |        |        | Unconnected  |
 | REF_CLK_P                  | IN  | X0Y8    | AW11        | 227     |              |        |        |        |        | Unconnected  |
 | REF_RESET                  | IN  | X1Y348  | CC40        | 65      | X7Y6         | 0      | 0      | 0      | 0      | No Input FF  |
 | REGWRITEWB_0               | IN  | X1Y597  | M38         | 70      | X7Y11        | 0      | 0      | 0      | 0      | No Input FF  |
 | rst_n                      | IN  | X1Y610  | K37         | 70      | X7Y11        | 0      | 0      | 0      | 0      | No Input FF  |
 | rst_n_aptn_ft              | OUT | X2Y234  | BF16        | 83      | X8Y4         | 0      | 0      | 0      | 0      | No Output FF |
 | stall_0                    | OUT | X0Y929  | H48         | 36      | X0Y17        | 0      | 0      | 0      | 0      | No Output FF |
 | stall_aptn_s               | OUT | X0Y80   | BK44        | 20      | X0Y1         | 0      | 0      | 0      | 0      | No Output FF |
 | UMR3_SIB_LINK_IN[0]        | IN  | X1Y345  | CB41        | 65      | X7Y6         | 0      | 0      | 0      | 0      | No Input FF  |
 | UMR3_SIB_LINK_IN[1]        | IN  | X1Y344  | CA41        | 65      | X7Y6         | 0      | 0      | 0      | 0      | No Input FF  |
 | UMR3_SIB_LINK_OUT[0]       | OUT | X1Y330  | CC34        | 65      | X7Y6         | 0      | 0      | 0      | 0      | No Output FF |
 | UMR3_SIB_LINK_OUT[1]       | OUT | X1Y329  | CB34        | 65      | X7Y6         | 0      | 0      | 0      | 0      | No Output FF |
 | WREX[0]                    | OUT | X0Y926  | G49         | 36      | X0Y17        | 0      | 0      | 0      | 0      | No Output FF |
 | WREX[1]                    | OUT | X0Y925  | H49         | 36      | X0Y17        | 0      | 0      | 0      | 0      | No Output FF |
 | WREX[2]                    | OUT | X0Y921  | K48         | 36      | X0Y17        | 0      | 0      | 0      | 0      | No Output FF |
 | WREX[3]                    | OUT | X0Y920  | K47         | 36      | X0Y17        | 0      | 0      | 0      | 0      | No Output FF |
 | WRITEDATAWB[0]             | IN  | X1Y623  | T37         | 70      | X7Y11        | 0      | 0      | 0      | 0      | No Input FF  |
 | WRITEDATAWB[1]             | IN  | X1Y591  | L39         | 70      | X7Y11        | 0      | 0      | 0      | 0      | No Input FF  |
 | WRITEDATAWB[2]             | IN  | X1Y592  | L40         | 70      | X7Y11        | 0      | 0      | 0      | 0      | No Input FF  |
 | WRITEDATAWB[3]             | IN  | X0Y875  | C53         | 35      | X0Y16        | 0      | 0      | 0      | 0      | No Input FF  |
 | WRITEDATAWB[4]             | IN  | X0Y878  | A55         | 35      | X0Y16        | 0      | 0      | 0      | 0      | No Input FF  |
 | WRITEDATAWB[5]             | IN  | X0Y877  | A54         | 35      | X0Y16        | 0      | 0      | 0      | 0      | No Input FF  |
 | WRITEDATAWB[6]             | IN  | X0Y861  | E55         | 35      | X0Y16        | 0      | 0      | 0      | 0      | No Input FF  |
 | WRITEDATAWB[7]             | IN  | X0Y860  | F55         | 35      | X0Y16        | 0      | 0      | 0      | 0      | No Input FF  |
 | WRITEDATAWB[8]             | IN  | X0Y874  | B54         | 35      | X0Y16        | 0      | 0      | 0      | 0      | No Input FF  |
 | WRITEDATAWB[9]             | IN  | X0Y873  | B53         | 35      | X0Y16        | 0      | 0      | 0      | 0      | No Input FF  |
 | WRITEDATAWB[10]            | IN  | X0Y869  | G54         | 35      | X0Y16        | 0      | 0      | 0      | 0      | No Input FF  |
 | WRITEDATAWB[11]            | IN  | X0Y868  | H54         | 35      | X0Y16        | 0      | 0      | 0      | 0      | No Input FF  |
 | WRITEDATAWB[12]            | IN  | X0Y872  | D53         | 35      | X0Y16        | 0      | 0      | 0      | 0      | No Input FF  |
 | WRITEDATAWB[13]            | IN  | X0Y871  | D52         | 35      | X0Y16        | 0      | 0      | 0      | 0      | No Input FF  |
 | WRITEDATAWB[14]            | IN  | X0Y865  | H55         | 35      | X0Y16        | 0      | 0      | 0      | 0      | No Input FF  |
 | WRITEDATAWB[15]            | IN  | X0Y864  | J55         | 35      | X0Y16        | 0      | 0      | 0      | 0      | No Input FF  |
 | WRITEDATAWB[16]            | IN  | X0Y867  | F52         | 35      | X0Y16        | 0      | 0      | 0      | 0      | No Input FF  |
 | WRITEDATAWB[17]            | IN  | X0Y866  | G52         | 35      | X0Y16        | 0      | 0      | 0      | 0      | No Input FF  |
 | WRITEDATAWB[18]            | IN  | X0Y859  | E54         | 35      | X0Y16        | 0      | 0      | 0      | 0      | No Input FF  |
 | WRITEDATAWB[19]            | IN  | X0Y858  | F54         | 35      | X0Y16        | 0      | 0      | 0      | 0      | No Input FF  |
 | WRITEDATAWB[20]            | IN  | X0Y863  | G53         | 35      | X0Y16        | 0      | 0      | 0      | 0      | No Input FF  |
 | WRITEDATAWB[21]            | IN  | X0Y862  | H53         | 35      | X0Y16        | 0      | 0      | 0      | 0      | No Input FF  |
 | WRITEDATAWB[22]            | IN  | X0Y850  | G56         | 35      | X0Y16        | 0      | 0      | 0      | 0      | No Input FF  |
 | WRITEDATAWB[23]            | IN  | X0Y849  | H56         | 35      | X0Y16        | 0      | 0      | 0      | 0      | No Input FF  |
 | WRITEDATAWB[24]            | IN  | X0Y848  | H58         | 35      | X0Y16        | 0      | 0      | 0      | 0      | No Input FF  |
 | WRITEDATAWB[25]            | IN  | X0Y847  | J58         | 35      | X0Y16        | 0      | 0      | 0      | 0      | No Input FF  |
 | WRITEDATAWB[26]            | IN  | X0Y856  | F57         | 35      | X0Y16        | 0      | 0      | 0      | 0      | No Input FF  |
 | WRITEDATAWB[27]            | IN  | X0Y855  | F56         | 35      | X0Y16        | 0      | 0      | 0      | 0      | No Input FF  |
 | WRITEDATAWB[28]            | IN  | X0Y852  | G58         | 35      | X0Y16        | 0      | 0      | 0      | 0      | No Input FF  |
 | WRITEDATAWB[29]            | IN  | X0Y851  | G57         | 35      | X0Y16        | 0      | 0      | 0      | 0      | No Input FF  |
 | WRITEDATAWB[30]            | IN  | X0Y835  | D58         | 35      | X0Y16        | 0      | 0      | 0      | 0      | No Input FF  |
 | WRITEDATAWB[31]            | IN  | X0Y834  | D57         | 35      | X0Y16        | 0      | 0      | 0      | 0      | No Input FF  |
 | WRITEDATAWB[32]            | IN  | X0Y833  | C59         | 35      | X0Y16        | 0      | 0      | 0      | 0      | No Input FF  |
 | WRITEDATAWB[33]            | IN  | X0Y832  | C58         | 35      | X0Y16        | 0      | 0      | 0      | 0      | No Input FF  |
 | WRITEDATAWB[34]            | IN  | X0Y839  | A56         | 35      | X0Y16        | 0      | 0      | 0      | 0      | No Input FF  |
 | WRITEDATAWB[35]            | IN  | X0Y838  | B56         | 35      | X0Y16        | 0      | 0      | 0      | 0      | No Input FF  |
 | WRITEDATAWB[36]            | IN  | X0Y837  | A59         | 35      | X0Y16        | 0      | 0      | 0      | 0      | No Input FF  |
 | WRITEDATAWB[37]            | IN  | X0Y944  | C49         | 37      | X0Y18        | 0      | 0      | 0      | 0      | No Input FF  |
 | WRITEDATAWB[38]            | IN  | X0Y924  | H50         | 36      | X0Y17        | 0      | 0      | 0      | 0      | No Input FF  |
 | WRITEDATAWB[39]            | IN  | X0Y923  | J50         | 36      | X0Y17        | 0      | 0      | 0      | 0      | No Input FF  |
 | WRITEDATAWB[40]            | IN  | X0Y917  | L47         | 36      | X0Y17        | 0      | 0      | 0      | 0      | No Input FF  |
 | WRITEDATAWB[41]            | IN  | X0Y916  | L46         | 36      | X0Y17        | 0      | 0      | 0      | 0      | No Input FF  |
 | WRITEDATAWB[42]            | IN  | X0Y919  | M47         | 36      | X0Y17        | 0      | 0      | 0      | 0      | No Input FF  |
 | WRITEDATAWB[43]            | IN  | X0Y918  | M46         | 36      | X0Y17        | 0      | 0      | 0      | 0      | No Input FF  |
 | WRITEDATAWB[44]            | IN  | X0Y898  | R48         | 36      | X0Y17        | 0      | 0      | 0      | 0      | No Input FF  |
 | WRITEDATAWB[45]            | IN  | X0Y897  | R47         | 36      | X0Y17        | 0      | 0      | 0      | 0      | No Input FF  |
 | WRITEDATAWB[46]            | IN  | X0Y895  | T47         | 36      | X0Y17        | 0      | 0      | 0      | 0      | No Input FF  |
 | WRITEDATAWB[47]            | IN  | X0Y894  | U47         | 36      | X0Y17        | 0      | 0      | 0      | 0      | No Input FF  |
 | WRITEDATAWB[48]            | IN  | X0Y902  | N46         | 36      | X0Y17        | 0      | 0      | 0      | 0      | No Input FF  |
 | WRITEDATAWB[49]            | IN  | X0Y901  | P46         | 36      | X0Y17        | 0      | 0      | 0      | 0      | No Input FF  |
 | WRITEDATAWB[50]            | IN  | X0Y900  | R50         | 36      | X0Y17        | 0      | 0      | 0      | 0      | No Input FF  |
 | WRITEDATAWB[51]            | IN  | X0Y899  | R49         | 36      | X0Y17        | 0      | 0      | 0      | 0      | No Input FF  |
 | WRITEDATAWB[52]            | IN  | X0Y908  | N49         | 36      | X0Y17        | 0      | 0      | 0      | 0      | No Input FF  |
 | WRITEDATAWB[53]            | IN  | X0Y907  | N48         | 36      | X0Y17        | 0      | 0      | 0      | 0      | No Input FF  |
 | WRITEDATAWB[54]            | IN  | X0Y904  | N50         | 36      | X0Y17        | 0      | 0      | 0      | 0      | No Input FF  |
 | WRITEDATAWB[55]            | IN  | X0Y903  | P50         | 36      | X0Y17        | 0      | 0      | 0      | 0      | No Input FF  |
 | WRITEDATAWB[56]            | IN  | X0Y909  | T50         | 36      | X0Y17        | 0      | 0      | 0      | 0      | No Input FF  |
 | WRITEDATAWB[57]            | IN  | X0Y887  | V50         | 36      | X0Y17        | 0      | 0      | 0      | 0      | No Input FF  |
 | WRITEDATAWB[58]            | IN  | X0Y886  | W50         | 36      | X0Y17        | 0      | 0      | 0      | 0      | No Input FF  |
 | WRITEDATAWB[59]            | IN  | X0Y885  | U49         | 36      | X0Y17        | 0      | 0      | 0      | 0      | No Input FF  |
 | WRITEDATAWB[60]            | IN  | X0Y884  | V49         | 36      | X0Y17        | 0      | 0      | 0      | 0      | No Input FF  |
 | WRITEDATAWB[61]            | IN  | X0Y891  | W48         | 36      | X0Y17        | 0      | 0      | 0      | 0      | No Input FF  |
 | WRITEDATAWB[62]            | IN  | X0Y890  | W47         | 36      | X0Y17        | 0      | 0      | 0      | 0      | No Input FF  |
 | WRITEDATAWB[63]            | IN  | X0Y889  | U48         | 36      | X0Y17        | 0      | 0      | 0      | 0      | No Input FF  |
 | WRMEM[0]                   | IN  | X0Y888  | V48         | 36      | X0Y17        | 0      | 0      | 0      | 0      | No Input FF  |
 | WRMEM[1]                   | IN  | X0Y906  | P48         | 36      | X0Y17        | 0      | 0      | 0      | 0      | No Input FF  |
 | WRMEM[2]                   | IN  | X0Y905  | P47         | 36      | X0Y17        | 0      | 0      | 0      | 0      | No Input FF  |
 | WRMEM[3]                   | IN  | X0Y893  | U46         | 36      | X0Y17        | 0      | 0      | 0      | 0      | No Input FF  |
 | WRMEM[4]                   | IN  | X0Y892  | V46         | 36      | X0Y17        | 0      | 0      | 0      | 0      | No Input FF  |
 | WRWB[0]                    | IN  | X0Y836  | B59         | 35      | X0Y16        | 0      | 0      | 0      | 0      | No Input FF  |
 | WRWB[1]                    | IN  | X0Y854  | E58         | 35      | X0Y16        | 0      | 0      | 0      | 0      | No Input FF  |
 | WRWB[2]                    | IN  | X0Y853  | E57         | 35      | X0Y16        | 0      | 0      | 0      | 0      | No Input FF  |
 | WRWB[3]                    | IN  | X0Y841  | B58         | 35      | X0Y16        | 0      | 0      | 0      | 0      | No Input FF  |
 | WRWB[4]                    | IN  | X0Y840  | B57         | 35      | X0Y16        | 0      | 0      | 0      | 0      | No Input FF  |
 +----------------------------+-----+---------+-------------+---------+--------------+--------+--------+--------+--------+--------------+

 # Ports with no Input FF: 268
 # Ports with no Output FF: 336
 # Unconnected Ports: 60
